Component: ARM Compiler 5.06 update 3 (build 300) Tool: armlink [4d35c9]

==============================================================================

Section Cross References

    commonconfig.o(.text) refers to misc.o(.text) for NVIC_PriorityGroupConfig
    commonconfig.o(.text) refers to stm32f10x_rcc.o(.text) for RCC_APB2PeriphClockCmd
    commonconfig.o(.text) refers to stm32f10x_gpio.o(.text) for GPIO_PinRemapConfig
    commonconfig.o(.ARM.exidx) refers to commonconfig.o(.text) for .text
    stm32f10x_it.o(.text) refers to timer.o(.text) for CPUTIMER0_ISR()
    stm32f10x_it.o(.ARM.exidx) refers to stm32f10x_it.o(.text) for .text
    main.o(.text) refers to commonconfig.o(.text) for CommonConfig
    main.o(.text) refers to new.o(i._Znwj) for operator new(unsigned)
    main.o(.text) refers to timer.o(.text) for CBaseTimer::CBaseTimer()
    main.o(.text) refers to main.o(t._ZN15NormalSingletonI8CConsoleE8InstanceEv) for NormalSingleton<CConsole>::Instance()
    main.o(.text) refers to console.o(.text) for CConsole::printf(const char*, ...)
    main.o(.text) refers to heartled.o(.text) for Initial_HeartLed()
    main.o(.text) refers to main.o(.data__ZN15NormalSingletonI10CBaseTimerE3insE) for NormalSingleton<CBaseTimer>::ins
    main.o(.ARM.exidx) refers to main.o(.text) for .text
    powerupoption.o(.text) refers to main.o(t._ZN15NormalSingletonI8CConsoleE8InstanceEv) for NormalSingleton<CConsole>::Instance()
    powerupoption.o(.text) refers to console.o(.text) for CConsole::printf(const char*, ...)
    powerupoption.o(.text) refers to memcpya.o(.text) for __aeabi_memcpy4
    powerupoption.o(.text) refers to stmflash.o(.text) for STMFLASH_write_bytes(unsigned, unsigned char*, unsigned short)
    powerupoption.o(.text) refers to powerupoption.o(.data) for .data
    powerupoption.o(.text) refers to powerupoption.o(.bss) for .bss
    powerupoption.o(.ARM.exidx) refers to powerupoption.o(.text) for .text
    heartled.o(.text) refers to stm32f10x_rcc.o(.text) for RCC_APB2PeriphClockCmd
    heartled.o(.text) refers to stm32f10x_gpio.o(.text) for GPIO_Init
    heartled.o(.text) refers to heartled.o(.data) for .data
    heartled.o(.ARM.exidx) refers to heartled.o(.text) for .text
    system_stm32f10x.o(.text) refers to system_stm32f10x.o(.data) for .data
    system_stm32f10x.o(.ARM.exidx) refers to system_stm32f10x.o(.text) for .text
    misc.o(.ARM.exidx) refers to misc.o(.text) for .text
    stm32f10x_gpio.o(.text) refers to stm32f10x_rcc.o(.text) for RCC_APB2PeriphResetCmd
    stm32f10x_gpio.o(.ARM.exidx) refers to stm32f10x_gpio.o(.text) for .text
    stm32f10x_rcc.o(.text) refers to stm32f10x_rcc.o(.data) for .data
    stm32f10x_rcc.o(.ARM.exidx) refers to stm32f10x_rcc.o(.text) for .text
    stm32f10x_dma.o(.ARM.exidx) refers to stm32f10x_dma.o(.text) for .text
    stm32f10x_usart.o(.text) refers to stm32f10x_rcc.o(.text) for RCC_APB2PeriphResetCmd
    stm32f10x_usart.o(.ARM.exidx) refers to stm32f10x_usart.o(.text) for .text
    stm32f10x_flash.o(.ARM.exidx) refers to stm32f10x_flash.o(.text) for .text
    startup_stm32f10x_hd.o(RESET) refers to startup_stm32f10x_hd.o(STACK) for __initial_sp
    startup_stm32f10x_hd.o(RESET) refers to startup_stm32f10x_hd.o(.text) for Reset_Handler
    startup_stm32f10x_hd.o(RESET) refers to stm32f10x_it.o(.text) for NMI_Handler
    startup_stm32f10x_hd.o(.text) refers to system_stm32f10x.o(.text) for SystemInit
    startup_stm32f10x_hd.o(.text) refers to entry.o(.ARM.Collect$$$$00000000) for __main
    rtt_vsnprintf.o(.text) refers to rtt_vsnprintf.o(.constdata) for .constdata
    rtt_vsnprintf.o(.ARM.exidx) refers to rtt_vsnprintf.o(.text) for .text
    console.o(.text) refers to new.o(i._Znwj) for operator new(unsigned)
    console.o(.text) refers to console.o(t._ZNK12ringque_baseIcE10elemsInQueEv) for ringque_base<char>::elemsInQue() const
    console.o(.text) refers to memcpya.o(.text) for __aeabi_memcpy
    console.o(.text) refers to console.o(t._ZN12ringque_baseIcE10push_arrayEPct) for ringque_base<char>::push_array(char*, unsigned short)
    console.o(.text) refers to rtt_vsnprintf.o(.text) for SEGGER_RTT_vsnprintf(char*, unsigned, const char*, std::__va_list*)
    console.o(.text) refers to console.o(t._ZNK12ringque_baseIcE15emptyElemsInQueEv) for ringque_base<char>::emptyElemsInQue() const
    console.o(.text) refers to strlen.o(.text) for strlen
    console.o(.text) refers to memseta.o(.text) for __aeabi_memclr
    console.o(.text) refers to console.o(.constdata__ZTV11CRttConsole) for vtable for CRttConsole
    console.o(.text) refers to console.o(.bss) for .bss
    console.o(.ARM.exidx) refers to console.o(.text) for .text
    console.o(.init_array) refers to console.o(.text) for __sti___11_Console_cpp_83107b18
    console.o(.init_array) refers to cpp_init.o(.text) for __cpp_initialize__aeabi_
    segger_rtt.o(.text) refers to strcpy.o(.text) for strcpy
    segger_rtt.o(.text) refers to memcpya.o(.text) for __aeabi_memcpy
[...]
    lib_rtti_impl.o(.ARM.exidx) refers to lib_rtti_impl.o(i._ZN10__cxxabiv117__class_type_infoD0Ev) for i._ZN10__cxxabiv117__class_type_infoD0Ev
    lib_rtti_impl.o(.ARM.exidx) refers to lib_rtti_impl.o(i._ZN10__cxxabiv120__si_class_type_infoD1Ev) for i._ZN10__cxxabiv120__si_class_type_infoD1Ev
    lib_rtti_impl.o(.ARM.exidx) refers to lib_rtti_impl.o(i._ZN10__cxxabiv120__si_class_type_infoD0Ev) for i._ZN10__cxxabiv120__si_class_type_infoD0Ev
    lib_rtti_impl.o(.ARM.exidx) refers to lib_rtti_impl.o(i._ZN10__cxxabiv121__vmi_class_type_infoD1Ev) for i._ZN10__cxxabiv121__vmi_class_type_infoD1Ev
    lib_rtti_impl.o(.ARM.exidx) refers to lib_rtti_impl.o(i._ZN10__cxxabiv121__vmi_class_type_infoD0Ev) for i._ZN10__cxxabiv121__vmi_class_type_infoD0Ev
    lib_rtti_impl.o(.ARM.exidx) refers to lib_rtti_impl.o(i._ZN10__cxxabiv117__pbase_type_infoD1Ev) for i._ZN10__cxxabiv117__pbase_type_infoD1Ev
    lib_rtti_impl.o(.ARM.exidx) refers to lib_rtti_impl.o(i._ZN10__cxxabiv117__pbase_type_infoD0Ev) for i._ZN10__cxxabiv117__pbase_type_infoD0Ev
    lib_rtti_impl.o(.ARM.exidx) refers to lib_rtti_impl.o(i._ZN10__cxxabiv119__pointer_type_infoD1Ev) for i._ZN10__cxxabiv119__pointer_type_infoD1Ev
    lib_rtti_impl.o(.ARM.exidx) refers to lib_rtti_impl.o(i._ZN10__cxxabiv119__pointer_type_infoD0Ev) for i._ZN10__cxxabiv119__pointer_type_infoD0Ev
    lib_rtti_impl.o(.ARM.exidx) refers to lib_rtti_impl.o(i._ZN10__cxxabiv129__pointer_to_member_type_infoD1Ev) for i._ZN10__cxxabiv129__pointer_to_member_type_infoD1Ev
    lib_rtti_impl.o(.ARM.exidx) refers to lib_rtti_impl.o(i._ZN10__cxxabiv129__pointer_to_member_type_infoD0Ev) for i._ZN10__cxxabiv129__pointer_to_member_type_infoD0Ev
    entry.o(.ARM.Collect$$$$00000000) refers (Special) to entry10a.o(.ARM.Collect$$$$0000000D) for __rt_final_cpp
    entry.o(.ARM.Collect$$$$00000000) refers (Special) to entry11a.o(.ARM.Collect$$$$0000000F) for __rt_final_exit
    entry.o(.ARM.Collect$$$$00000000) refers (Special) to entry7b.o(.ARM.Collect$$$$00000008) for _main_clock
    entry.o(.ARM.Collect$$$$00000000) refers (Special) to entry8b.o(.ARM.Collect$$$$0000000A) for _main_cpp_init
    entry.o(.ARM.Collect$$$$00000000) refers (Special) to entry9a.o(.ARM.Collect$$$$0000000B) for _main_init
    entry.o(.ARM.Collect$$$$00000000) refers (Special) to entry5.o(.ARM.Collect$$$$00000004) for _main_scatterload
    entry.o(.ARM.Collect$$$$00000000) refers (Special) to entry2.o(.ARM.Collect$$$$00000001) for _main_stk
    cpp_init.o(.emb_text) refers (Special) to entry8a.o(.ARM.Collect$$$$00000009) for _main_cpp_init$empty
    cpp_init.o(.init_array) refers (Special) to entry8a.o(.ARM.Collect$$$$00000009) for _main_cpp_init$empty
    cpp_init.o(.init_array) refers to cpp_init.o(.text) for __cpp_initialize__aeabi_
    cpp_init.o(.dummy_text) refers (Special) to entry8a.o(.ARM.Collect$$$$00000009) for _main_cpp_init$empty
    cpp_init.o(.text) refers (Special) to entry8a.o(.ARM.Collect$$$$00000009) for _main_cpp_init$empty
    arm_callunex_noexceptions.o(.ARM.exidx) refers to arm_callunex_noexceptions.o(.text) for .text
    arm_newhandler_noexceptions.o(.text) refers to arm_exceptions_terminate.o(.text) for std::terminate()
    arm_newhandler_noexceptions.o(.ARM.exidx) refers to arm_newhandler_noexceptions.o(.text) for .text
    bad_alloc_dtor.o(i._ZNSt9bad_allocD0Ev) refers to bad_alloc_dtor.o(i._ZNSt9bad_allocD1Ev) for std::bad_alloc::~bad_alloc()
    bad_alloc_dtor.o(i._ZNSt9bad_allocD0Ev) refers to delete.o(i._ZdlPv) for operator delete (void*)
    bad_alloc_dtor.o(.ARM.exidx) refers to bad_alloc_dtor.o(i._ZNSt9bad_allocD1Ev) for i._ZNSt9bad_allocD1Ev
    bad_alloc_dtor.o(.ARM.exidx) refers to bad_alloc_dtor.o(i._ZNSt9bad_allocD0Ev) for i._ZNSt9bad_allocD0Ev
    type_info_dtor.o(.ARM.exidx) refers to type_info_dtor.o(i._ZNSt9type_infoD1Ev) for i._ZNSt9type_infoD1Ev
    type_info_dtor.o(.ARM.exidx) refers to type_info_dtor.o(i._ZNSt9type_infoD0Ev) for i._ZNSt9type_infoD0Ev
    arm_exceptions_callterm.o(.text) refers to arm_exceptions_globs.o(.text) for __cxa_get_globals
    arm_exceptions_callterm.o(.text) refers to arm_exceptions_support.o(.text) for __ARM::is_foreign_exception(_Unwind_Control_Block*)
    arm_exceptions_callterm.o(.text) refers to arm_exceptions_terminate.o(.text) for std::terminate()
    arm_exceptions_callterm.o(.ARM.exidx) refers to arm_exceptions_callterm.o(.text) for .text
    unwind_pr0.o(.text) refers to unwind_prcommon.o(.text) for __ARM_unwind_cpp_prcommon
    unwind_pr0.o(.ARM.exidx) refers to unwind_pr0.o(.text) for .text
    entry2.o(.ARM.Collect$$$$00000001) refers to entry2.o(.ARM.Collect$$$$00002712) for __lit__00000000
    entry2.o(.ARM.Collect$$$$00002712) refers to startup_stm32f10x_hd.o(STACK) for __initial_sp
    entry2.o(__vectab_stack_and_reset_area) refers to startup_stm32f10x_hd.o(STACK) for __initial_sp
    entry2.o(__vectab_stack_and_reset_area) refers to entry.o(.ARM.Collect$$$$00000000) for __main
    entry5.o(.ARM.Collect$$$$00000004) refers to init.o(.text) for __scatterload
    entry8a.o(.ARM.Collect$$$$00000009) refers (Weak) to cpp_init.o(.text) for __cpp_initialize__aeabi_
    entry9a.o(.ARM.Collect$$$$0000000B) refers to main.o(.text) for main
    entry9b.o(.ARM.Collect$$$$0000000C) refers to main.o(.text) for main
    malloc.o(i.free) refers to mvars.o(.data) for __microlib_freelist
    malloc.o(i.malloc) refers to mvars.o(.data) for __microlib_freelist_initialised
    malloc.o(i.malloc) refers to mvars.o(.data) for __microlib_freelist
    malloc.o(i.malloc) refers to startup_stm32f10x_hd.o(HEAP) for __heap_base
    mallocr.o(i.__free$realloc) refers to mvars.o(.data) for __microlib_freelist
    mallocr.o(i.__malloc$realloc) refers to mallocr.o(i.internal_alloc) for internal_alloc
    mallocr.o(i.__malloc$realloc) refers to mvars.o(.data) for __microlib_freelist_initialised
    mallocr.o(i.__malloc$realloc) refers to startup_stm32f10x_hd.o(HEAP) for __heap_base
    mallocr.o(i.__malloc$realloc) refers to mvars.o(.data) for __microlib_freelist
    mallocr.o(i.internal_alloc) refers to memcpya.o(.text) for __aeabi_memcpy
    mallocr.o(i.internal_alloc) refers to mvars.o(.data) for __microlib_freelist
    mallocr.o(i.realloc) refers to mallocr.o(i.__free$realloc) for __free$realloc
    mallocr.o(i.realloc) refers to mallocr.o(i.internal_alloc) for internal_alloc
    mallocr.o(i.realloc) refers to mallocr.o(i.__malloc$realloc) for __malloc$realloc
    mallocr.o(i.realloc) refers to mvars.o(.data) for __microlib_freelist
    malloca.o(i.__aligned_malloc) refers to mvars.o(.data) for __microlib_freelist_initialised
    malloca.o(i.__aligned_malloc) refers to mvars.o(.data) for __microlib_freelist
    malloca.o(i.__aligned_malloc) refers to startup_stm32f10x_hd.o(HEAP) for __heap_base
    malloca.o(i.__free$memalign) refers to mvars.o(.data) for __microlib_freelist
    malloca.o(i.__malloc$memalign) refers to malloca.o(i.__aligned_malloc) for __aligned_malloc
    mallocra.o(i.__aligned_malloc$realloc) refers to mallocra.o(i.internal_alloc) for internal_alloc
    mallocra.o(i.__aligned_malloc$realloc) refers to mvars.o(.data) for __microlib_freelist_initialised
    mallocra.o(i.__aligned_malloc$realloc) refers to startup_stm32f10x_hd.o(HEAP) for __heap_base
    mallocra.o(i.__aligned_malloc$realloc) refers to mvars.o(.data) for __microlib_freelist
    mallocra.o(i.__free$realloc$memalign) refers to mvars.o(.data) for __microlib_freelist
    mallocra.o(i.__malloc$realloc$memalign) refers to mallocra.o(i.__aligned_malloc$realloc) for __aligned_malloc$realloc
    mallocra.o(i.__realloc$memalign) refers to mallocra.o(i.__free$realloc$memalign) for __free$realloc$memalign
    mallocra.o(i.__realloc$memalign) refers to mallocra.o(i.internal_alloc) for internal_alloc
    mallocra.o(i.__realloc$memalign) refers to mallocra.o(i.__malloc$realloc$memalign) for __malloc$realloc$memalign
    mallocra.o(i.__realloc$memalign) refers to mvars.o(.data) for __microlib_freelist
    mallocra.o(i.internal_alloc) refers to memcpya.o(.text) for __aeabi_memcpy
    mallocra.o(i.internal_alloc) refers to mvars.o(.data) for __microlib_freelist
    cpp_memory.o(.text) refers to cpp_memory.o(.data) for .data
    arm_begincatch_noexceptions.o(.ARM.exidx) refers to arm_begincatch_noexceptions.o(.text) for .text
    bad_alloc_what.o(.ARM.exidx) refers to bad_alloc_what.o(i._ZNKSt9bad_alloc4whatEv) for i._ZNKSt9bad_alloc4whatEv
    exception_dtor.o(i._ZNSt9exceptionD0Ev) refers to delete.o(i._ZdlPv) for operator delete (void*)
    exception_dtor.o(.ARM.exidx) refers to exception_dtor.o(i._ZNSt9exceptionD1Ev) for i._ZNSt9exceptionD1Ev
    exception_dtor.o(.ARM.exidx) refers to exception_dtor.o(i._ZNSt9exceptionD0Ev) for i._ZNSt9exceptionD0Ev
    arm_exceptions_support.o(.text) refers to arm_exceptions_support.o(.constdata) for .constdata
    arm_exceptions_support.o(.ARM.exidx) refers to arm_exceptions_support.o(.text) for .text
    arm_exceptions_terminate.o(.text) refers to arm_exceptions_globs.o(.text) for __cxa_get_globals
    arm_exceptions_terminate.o(.ARM.exidx) refers to arm_exceptions_terminate.o(.text) for .text
    arm_exceptions_globs.o(.text) refers to cpp_memory.o(.text) for __rt_eh_globals_addr
    arm_exceptions_globs.o(.text) refers to malloc.o(i.malloc) for malloc
    arm_exceptions_globs.o(.text) refers to arm_exceptions_mem.o(.text) for __ARM_exceptions_buffer_init
    arm_exceptions_globs.o(.ARM.exidx) refers to arm_exceptions_globs.o(.text) for .text
    unwind_prcommon.o(.text) refers to unwinder.o(.text) for _Unwind_VRS_Get
    unwind_prcommon.o(.text) refers to unwind_activity.o(.emb_text) for _Unwind_Activity
    unwind_prcommon.o(.text) refers (Weak) to arm_callunex_noexceptions.o(.text) for __cxa_call_unexpected
    unwind_prcommon.o(.ARM.exidx) refers to unwind_prcommon.o(.text) for .text
    init.o(.text) refers to entry5.o(.ARM.Collect$$$$00000004) for __main_after_scatterload
    exception_what.o(.ARM.exidx) refers to exception_what.o(i._ZNKSt9exception4whatEv) for i._ZNKSt9exception4whatEv
    arm_exceptions_mem.o(.text) refers to malloc.o(i.malloc) for malloc
    arm_exceptions_mem.o(.ARM.exidx) refers to arm_exceptions_mem.o(.text) for .text
    unwinder.o(.emb_text) refers to unwinder.o(.text) for __ARM_Unwind_RaiseException
    unwinder.o(.text) refers to bsearch.o(.text) for bsearch
    unwinder.o(.text) refers to unwind_activity.o(.emb_text) for _Unwind_Activity
    unwinder.o(.text) refers to unwinder.o(.emb_text) for __ARM_Unwind_VRS_corerestore
    unwinder.o(.text) refers to malloc.o(i.malloc) for malloc
    unwinder.o(.text) refers to memcpya.o(.text) for __aeabi_memcpy4
    unwinder.o(.text) refers to malloc.o(i.free) for free
    unwinder.o(.text) refers (Weak) to unwind_pr0.o(.text) for __aeabi_unwind_cpp_pr0
    unwinder.o(.ARM.exidx) refers to unwinder.o(.text) for .text
    main.o(t._ZN15NormalSingletonI8CConsoleE8InstanceEv) refers to new.o(i._Znwj) for operator new(unsigned)
    main.o(t._ZN15NormalSingletonI8CConsoleE8InstanceEv) refers to console.o(.text) for CConsole::CConsole()
    main.o(t._ZN15NormalSingletonI8CConsoleE8InstanceEv) refers to main.o(.data__ZN15NormalSingletonI8CConsoleE3insE) for NormalSingleton<CConsole>::ins
    main.o(.ARM.exidx) refers to main.o(t._ZN15NormalSingletonI8CConsoleE8InstanceEv) for t._ZN15NormalSingletonI8CConsoleE8InstanceEv
    console.o(t._ZN12ringque_baseIcE10push_arrayEPct) refers to console.o(t._ZNK12ringque_baseIcE15emptyElemsInQueEv) for ringque_base<char>::emptyElemsInQue() const
    console.o(t._ZN12ringque_baseIcE10push_arrayEPct) refers to memcpya.o(.text) for __aeabi_memcpy
    console.o(.ARM.exidx) refers to console.o(t._ZN12ringque_baseIcE10push_arrayEPct) for t._ZN12ringque_baseIcE10push_arrayEPct
    console.o(.ARM.exidx) refers to console.o(t._ZNK12ringque_baseIcE10elemsInQueEv) for t._ZNK12ringque_baseIcE10elemsInQueEv
    console.o(t._ZNK12ringque_baseIcE15emptyElemsInQueEv) refers to console.o(t._ZNK12ringque_baseIcE10elemsInQueEv) for ringque_base<char>::elemsInQue() const
    console.o(.ARM.exidx) refers to console.o(t._ZNK12ringque_baseIcE15emptyElemsInQueEv) for t._ZNK12ringque_baseIcE15emptyElemsInQueEv
    console.o(.constdata__ZTV11CRttConsole) refers to console.o(.constdata__ZTI11CRttConsole) for typeinfo for CRttConsole
    console.o(.constdata__ZTV11CRttConsole) refers to console.o(i._ZN11CRttConsoleD1Ev) for CRttConsole::~CRttConsole()
    console.o(.constdata__ZTV11CRttConsole) refers to console.o(i._ZN11CRttConsoleD0Ev) for CRttConsole::~CRttConsole__deallocating()
    console.o(.constdata__ZTV11CRttConsole) refers to console.o(i._ZN11CRttConsole5writeEPht) for CRttConsole::write(unsigned char*, unsigned short)
    console.o(.constdata__ZTV11CRttConsole) refers to console.o(i._ZN11CRttConsole4openEv) for CRttConsole::open()
    console.o(.constdata__ZTV11CRttConsole) refers to console.o(i._ZN8CConsole11COstreamDev5closeEv) for CConsole::COstreamDev::close()
    console.o(.constdata__ZTV11CRttConsole) refers to console.o(i._ZN8CConsole11COstreamDev14runTransmitterEv) for CConsole::COstreamDev::runTransmitter()
    console.o(.constdata__ZTV11CRttConsole) refers to console.o(i._ZN11CRttConsole11getFreeSizeEv) for CRttConsole::getFreeSize()
    console.o(.constdata__ZTV11CRttConsole) refers to console.o(i._ZN11CRttConsole6isIdelEv) for CRttConsole::isIdel()
    console.o(.constdata__ZTI11CRttConsole) refers to lib_rtti_impl.o(.constdata__ZTVN10__cxxabiv120__si_class_type_infoE) for vtable for __cxxabiv1::__si_class_type_info
    console.o(.constdata__ZTI11CRttConsole) refers to console.o(.constdata__ZTS11CRttConsole) for typeinfo name for CRttConsole
    console.o(.constdata__ZTI11CRttConsole) refers to console.o(.constdata__ZTIN8CConsole11COstreamDevE) for typeinfo for CConsole::COstreamDev
    console.o(.constdata__ZTIN8CConsole11COstreamDevE) refers to lib_rtti_impl.o(.constdata__ZTVN10__cxxabiv117__class_type_infoE) for vtable for __cxxabiv1::__class_type_info
    console.o(.constdata__ZTIN8CConsole11COstreamDevE) refers to console.o(.constdata__ZTSN8CConsole11COstreamDevE) for typeinfo name for CConsole::COstreamDev
    console.o(.ARM.exidx) refers to console.o(i._ZN8CConsole11COstreamDev5closeEv) for i._ZN8CConsole11COstreamDev5closeEv
    console.o(.ARM.exidx) refers to console.o(i._ZN8CConsole11COstreamDev14runTransmitterEv) for i._ZN8CConsole11COstreamDev14runTransmitterEv
    console.o(i._ZN11CRttConsoleD1Ev) refers to console.o(.constdata__ZTVN8CConsole11COstreamDevE) for vtable for CConsole::COstreamDev
    console.o(.ARM.exidx) refers to console.o(i._ZN11CRttConsoleD1Ev) for i._ZN11CRttConsoleD1Ev
    console.o(i._ZN11CRttConsoleD0Ev) refers to console.o(i._ZN11CRttConsoleD1Ev) for CRttConsole::~CRttConsole()
    console.o(i._ZN11CRttConsoleD0Ev) refers to delete.o(i._ZdlPv) for operator delete (void*)
    console.o(.ARM.exidx) refers to console.o(i._ZN11CRttConsoleD0Ev) for i._ZN11CRttConsoleD0Ev
    console.o(i._ZN11CRttConsole5writeEPht) refers to segger_rtt.o(.text) for SEGGER_RTT_Write
    console.o(.ARM.exidx) refers to console.o(i._ZN11CRttConsole5writeEPht) for i._ZN11CRttConsole5writeEPht
    console.o(i._ZN11CRttConsole4openEv) refers to segger_rtt.o(.text) for SEGGER_RTT_Init
    console.o(.ARM.exidx) refers to console.o(i._ZN11CRttConsole4openEv) for i._ZN11CRttConsole4openEv
    console.o(.ARM.exidx) refers to console.o(i._ZN11CRttConsole11getFreeSizeEv) for i._ZN11CRttConsole11getFreeSizeEv
    console.o(.ARM.exidx) refers to console.o(i._ZN11CRttConsole6isIdelEv) for i._ZN11CRttConsole6isIdelEv
    console.o(.constdata__ZTVN8CConsole11COstreamDevE) refers to console.o(.constdata__ZTIN8CConsole11COstreamDevE) for typeinfo for CConsole::COstreamDev
    console.o(.constdata__ZTVN8CConsole11COstreamDevE) refers to console.o(i._ZN8CConsole11COstreamDevD2Ev) for CConsole::COstreamDev::~COstreamDev__sub_object()
    console.o(.constdata__ZTVN8CConsole11COstreamDevE) refers to console.o(i._ZN8CConsole11COstreamDevD0Ev) for CConsole::COstreamDev::~COstreamDev__deallocating()
    console.o(.constdata__ZTVN8CConsole11COstreamDevE) refers to pure_virt.o(i.__cxa_pure_virtual) for __cxa_pure_virtual
    console.o(.constdata__ZTVN8CConsole11COstreamDevE) refers to console.o(i._ZN8CConsole11COstreamDev5closeEv) for CConsole::COstreamDev::close()
    console.o(.constdata__ZTVN8CConsole11COstreamDevE) refers to console.o(i._ZN8CConsole11COstreamDev14runTransmitterEv) for CConsole::COstreamDev::runTransmitter()
    console.o(i._ZN8CConsole11COstreamDevD2Ev) refers to console.o(.constdata__ZTVN8CConsole11COstreamDevE) for vtable for CConsole::COstreamDev
    console.o(.ARM.exidx) refers to console.o(i._ZN8CConsole11COstreamDevD2Ev) for i._ZN8CConsole11COstreamDevD2Ev
    console.o(i._ZN8CConsole11COstreamDevD0Ev) refers to delete.o(i._ZdlPv) for operator delete (void*)
    console.o(i._ZN8CConsole11COstreamDevD0Ev) refers to console.o(.constdata__ZTVN8CConsole11COstreamDevE) for vtable for CConsole::COstreamDev
    console.o(.ARM.exidx) refers to console.o(i._ZN8CConsole11COstreamDevD0Ev) for i._ZN8CConsole11COstreamDevD0Ev
    cusart.o(t._ZN12ringque_baseIhE10push_arrayEPht) refers to memcpya.o(.text) for __aeabi_memcpy
    cusart.o(.ARM.exidx) refers to cusart.o(t._ZN12ringque_baseIhE10push_arrayEPht) for t._ZN12ringque_baseIhE10push_arrayEPht
    timer.o(t._ZN15NormalSingletonI10CBaseTimerE8InstanceEv) refers to new.o(i._Znwj) for operator new(unsigned)
    timer.o(t._ZN15NormalSingletonI10CBaseTimerE8InstanceEv) refers to timer.o(.text) for CBaseTimer::CBaseTimer()
    timer.o(t._ZN15NormalSingletonI10CBaseTimerE8InstanceEv) refers to main.o(.data__ZN15NormalSingletonI10CBaseTimerE3insE) for NormalSingleton<CBaseTimer>::ins
    timer.o(.ARM.exidx) refers to timer.o(t._ZN15NormalSingletonI10CBaseTimerE8InstanceEv) for t._ZN15NormalSingletonI10CBaseTimerE8InstanceEv
    lib_rtti_impl.o(.constdata__ZTVN10__cxxabiv123__fundamental_type_infoE) refers to lib_rtti_impl.o(.constdata__ZTIN10__cxxabiv123__fundamental_type_infoE) for typeinfo for __cxxabiv1::__fundamental_type_info
    lib_rtti_impl.o(.constdata__ZTVN10__cxxabiv123__fundamental_type_infoE) refers to lib_rtti_impl.o(i._ZN10__cxxabiv123__fundamental_type_infoD1Ev) for __cxxabiv1::__fundamental_type_info::~__fundamental_type_info()
    lib_rtti_impl.o(.constdata__ZTVN10__cxxabiv123__fundamental_type_infoE) refers to lib_rtti_impl.o(i._ZN10__cxxabiv123__fundamental_type_infoD0Ev) for __cxxabiv1::__fundamental_type_info::~__fundamental_type_info__deallocating()
    lib_rtti_impl.o(.constdata__ZTVN10__cxxabiv117__array_type_infoE) refers to lib_rtti_impl.o(.constdata__ZTIN10__cxxabiv117__array_type_infoE) for typeinfo for __cxxabiv1::__array_type_info
    lib_rtti_impl.o(.constdata__ZTVN10__cxxabiv117__array_type_infoE) refers to lib_rtti_impl.o(i._ZN10__cxxabiv117__array_type_infoD1Ev) for __cxxabiv1::__array_type_info::~__array_type_info()
    lib_rtti_impl.o(.constdata__ZTVN10__cxxabiv117__array_type_infoE) refers to lib_rtti_impl.o(i._ZN10__cxxabiv117__array_type_infoD0Ev) for __cxxabiv1::__array_type_info::~__array_type_info__deallocating()
    lib_rtti_impl.o(.constdata__ZTVN10__cxxabiv120__function_type_infoE) refers to lib_rtti_impl.o(.constdata__ZTIN10__cxxabiv120__function_type_infoE) for typeinfo for __cxxabiv1::__function_type_info
    lib_rtti_impl.o(.constdata__ZTVN10__cxxabiv120__function_type_infoE) refers to lib_rtti_impl.o(i._ZN10__cxxabiv120__function_type_infoD1Ev) for __cxxabiv1::__function_type_info::~__function_type_info()
    lib_rtti_impl.o(.constdata__ZTVN10__cxxabiv120__function_type_infoE) refers to lib_rtti_impl.o(i._ZN10__cxxabiv120__function_type_infoD0Ev) for __cxxabiv1::__function_type_info::~__function_type_info__deallocating()
    lib_rtti_impl.o(.constdata__ZTVN10__cxxabiv116__enum_type_infoE) refers to lib_rtti_impl.o(.constdata__ZTIN10__cxxabiv116__enum_type_infoE) for typeinfo for __cxxabiv1::__enum_type_info
    lib_rtti_impl.o(.constdata__ZTVN10__cxxabiv116__enum_type_infoE) refers to lib_rtti_impl.o(i._ZN10__cxxabiv116__enum_type_infoD1Ev) for __cxxabiv1::__enum_type_info::~__enum_type_info()
    lib_rtti_impl.o(.constdata__ZTVN10__cxxabiv116__enum_type_infoE) refers to lib_rtti_impl.o(i._ZN10__cxxabiv116__enum_type_infoD0Ev) for __cxxabiv1::__enum_type_info::~__enum_type_info__deallocating()
    lib_rtti_impl.o(.constdata__ZTVN10__cxxabiv117__class_type_infoE) refers to lib_rtti_impl.o(.constdata__ZTIN10__cxxabiv117__class_type_infoE) for typeinfo for __cxxabiv1::__class_type_info
    lib_rtti_impl.o(.constdata__ZTVN10__cxxabiv117__class_type_infoE) refers to lib_rtti_impl.o(i._ZN10__cxxabiv117__class_type_infoD1Ev) for __cxxabiv1::__class_type_info::~__class_type_info()
    lib_rtti_impl.o(.constdata__ZTVN10__cxxabiv117__class_type_infoE) refers to lib_rtti_impl.o(i._ZN10__cxxabiv117__class_type_infoD0Ev) for __cxxabiv1::__class_type_info::~__class_type_info__deallocating()
    lib_rtti_impl.o(.constdata__ZTVN10__cxxabiv120__si_class_type_infoE) refers to lib_rtti_impl.o(.constdata__ZTIN10__cxxabiv120__si_class_type_infoE) for typeinfo for __cxxabiv1::__si_class_type_info
    lib_rtti_impl.o(.constdata__ZTVN10__cxxabiv120__si_class_type_infoE) refers to lib_rtti_impl.o(i._ZN10__cxxabiv120__si_class_type_infoD1Ev) for __cxxabiv1::__si_class_type_info::~__si_class_type_info()
    lib_rtti_impl.o(.constdata__ZTVN10__cxxabiv120__si_class_type_infoE) refers to lib_rtti_impl.o(i._ZN10__cxxabiv120__si_class_type_infoD0Ev) for __cxxabiv1::__si_class_type_info::~__si_class_type_info__deallocating()
    lib_rtti_impl.o(.constdata__ZTVN10__cxxabiv121__vmi_class_type_infoE) refers to lib_rtti_impl.o(.constdata__ZTIN10__cxxabiv121__vmi_class_type_infoE) for typeinfo for __cxxabiv1::__vmi_class_type_info
    lib_rtti_impl.o(.constdata__ZTVN10__cxxabiv121__vmi_class_type_infoE) refers to lib_rtti_impl.o(i._ZN10__cxxabiv121__vmi_class_type_infoD1Ev) for __cxxabiv1::__vmi_class_type_info::~__vmi_class_type_info()
    lib_rtti_impl.o(.constdata__ZTVN10__cxxabiv121__vmi_class_type_infoE) refers to lib_rtti_impl.o(i._ZN10__cxxabiv121__vmi_class_type_infoD0Ev) for __cxxabiv1::__vmi_class_type_info::~__vmi_class_type_info__deallocating()
    lib_rtti_impl.o(.constdata__ZTVN10__cxxabiv117__pbase_type_infoE) refers to lib_rtti_impl.o(.constdata__ZTIN10__cxxabiv117__pbase_type_infoE) for typeinfo for __cxxabiv1::__pbase_type_info
    lib_rtti_impl.o(.constdata__ZTVN10__cxxabiv117__pbase_type_infoE) refers to lib_rtti_impl.o(i._ZN10__cxxabiv117__pbase_type_infoD1Ev) for __cxxabiv1::__pbase_type_info::~__pbase_type_info()
    lib_rtti_impl.o(.constdata__ZTVN10__cxxabiv117__pbase_type_infoE) refers to lib_rtti_impl.o(i._ZN10__cxxabiv117__pbase_type_infoD0Ev) for __cxxabiv1::__pbase_type_info::~__pbase_type_info__deallocating()
    lib_rtti_impl.o(.constdata__ZTVN10__cxxabiv119__pointer_type_infoE) refers to lib_rtti_impl.o(.constdata__ZTIN10__cxxabiv119__pointer_type_infoE) for typeinfo for __cxxabiv1::__pointer_type_info
    lib_rtti_impl.o(.constdata__ZTVN10__cxxabiv119__pointer_type_infoE) refers to lib_rtti_impl.o(i._ZN10__cxxabiv119__pointer_type_infoD1Ev) for __cxxabiv1::__pointer_type_info::~__pointer_type_info()
    lib_rtti_impl.o(.constdata__ZTVN10__cxxabiv119__pointer_type_infoE) refers to lib_rtti_impl.o(i._ZN10__cxxabiv119__pointer_type_infoD0Ev) for __cxxabiv1::__pointer_type_info::~__pointer_type_info__deallocating()
    lib_rtti_impl.o(.constdata__ZTVN10__cxxabiv129__pointer_to_member_type_infoE) refers to lib_rtti_impl.o(.constdata__ZTIN10__cxxabiv129__pointer_to_member_type_infoE) for typeinfo for __cxxabiv1::__pointer_to_member_type_info
    lib_rtti_impl.o(.constdata__ZTVN10__cxxabiv129__pointer_to_member_type_infoE) refers to lib_rtti_impl.o(i._ZN10__cxxabiv129__pointer_to_member_type_infoD1Ev) for __cxxabiv1::__pointer_to_member_type_info::~__pointer_to_member_type_info()
    lib_rtti_impl.o(.constdata__ZTVN10__cxxabiv129__pointer_to_member_type_infoE) refers to lib_rtti_impl.o(i._ZN10__cxxabiv129__pointer_to_member_type_infoD0Ev) for __cxxabiv1::__pointer_to_member_type_info::~__pointer_to_member_type_info__deallocating()
    lib_rtti_impl.o(.ARM.exidx) refers to lib_rtti_impl.o(i._ZNSt9type_infodlEPv) for i._ZNSt9type_infodlEPv
    lib_rtti_impl.o(.constdata__ZTIN10__cxxabiv123__fundamental_type_infoE) refers to lib_rtti_impl.o(.constdata__ZTVN10__cxxabiv120__si_class_type_infoE) for vtable for __cxxabiv1::__si_class_type_info
    lib_rtti_impl.o(.constdata__ZTIN10__cxxabiv123__fundamental_type_infoE) refers to lib_rtti_impl.o(.constdata__ZTSN10__cxxabiv123__fundamental_type_infoE) for typeinfo name for __cxxabiv1::__fundamental_type_info
    lib_rtti_impl.o(.constdata__ZTIN10__cxxabiv123__fundamental_type_infoE) refers to type_info_dtor.o(.constdata__ZTISt9type_info) for typeinfo for std::type_info
    lib_rtti_impl.o(.constdata__ZTIN10__cxxabiv117__array_type_infoE) refers to lib_rtti_impl.o(.constdata__ZTVN10__cxxabiv120__si_class_type_infoE) for vtable for __cxxabiv1::__si_class_type_info
    lib_rtti_impl.o(.constdata__ZTIN10__cxxabiv117__array_type_infoE) refers to lib_rtti_impl.o(.constdata__ZTSN10__cxxabiv117__array_type_infoE) for typeinfo name for __cxxabiv1::__array_type_info
    lib_rtti_impl.o(.constdata__ZTIN10__cxxabiv117__array_type_infoE) refers to type_info_dtor.o(.constdata__ZTISt9type_info) for typeinfo for std::type_info
    lib_rtti_impl.o(.constdata__ZTIN10__cxxabiv120__function_type_infoE) refers to lib_rtti_impl.o(.constdata__ZTVN10__cxxabiv120__si_class_type_infoE) for vtable for __cxxabiv1::__si_class_type_info
    lib_rtti_impl.o(.constdata__ZTIN10__cxxabiv120__function_type_infoE) refers to lib_rtti_impl.o(.constdata__ZTSN10__cxxabiv120__function_type_infoE) for typeinfo name for __cxxabiv1::__function_type_info
    lib_rtti_impl.o(.constdata__ZTIN10__cxxabiv120__function_type_infoE) refers to type_info_dtor.o(.constdata__ZTISt9type_info) for typeinfo for std::type_info
    lib_rtti_impl.o(.constdata__ZTIN10__cxxabiv116__enum_type_infoE) refers to lib_rtti_impl.o(.constdata__ZTVN10__cxxabiv120__si_class_type_infoE) for vtable for __cxxabiv1::__si_class_type_info
    lib_rtti_impl.o(.constdata__ZTIN10__cxxabiv116__enum_type_infoE) refers to lib_rtti_impl.o(.constdata__ZTSN10__cxxabiv116__enum_type_infoE) for typeinfo name for __cxxabiv1::__enum_type_info
    lib_rtti_impl.o(.constdata__ZTIN10__cxxabiv116__enum_type_infoE) refers to type_info_dtor.o(.constdata__ZTISt9type_info) for typeinfo for std::type_info
    lib_rtti_impl.o(.constdata__ZTIN10__cxxabiv117__class_type_infoE) refers to lib_rtti_impl.o(.constdata__ZTVN10__cxxabiv120__si_class_type_infoE) for vtable for __cxxabiv1::__si_class_type_info
    lib_rtti_impl.o(.constdata__ZTIN10__cxxabiv117__class_type_infoE) refers to lib_rtti_impl.o(.constdata__ZTSN10__cxxabiv117__class_type_infoE) for typeinfo name for __cxxabiv1::__class_type_info
    lib_rtti_impl.o(.constdata__ZTIN10__cxxabiv117__class_type_infoE) refers to type_info_dtor.o(.constdata__ZTISt9type_info) for typeinfo for std::type_info
    lib_rtti_impl.o(.constdata__ZTIN10__cxxabiv120__si_class_type_infoE) refers to lib_rtti_impl.o(.constdata__ZTVN10__cxxabiv120__si_class_type_infoE) for vtable for __cxxabiv1::__si_class_type_info
    lib_rtti_impl.o(.constdata__ZTIN10__cxxabiv120__si_class_type_infoE) refers to lib_rtti_impl.o(.constdata__ZTSN10__cxxabiv120__si_class_type_infoE) for typeinfo name for __cxxabiv1::__si_class_type_info
    lib_rtti_impl.o(.constdata__ZTIN10__cxxabiv120__si_class_type_infoE) refers to lib_rtti_impl.o(.constdata__ZTIN10__cxxabiv117__class_type_infoE) for typeinfo for __cxxabiv1::__class_type_info
    lib_rtti_impl.o(.constdata__ZTIN10__cxxabiv121__vmi_class_type_infoE) refers to lib_rtti_impl.o(.constdata__ZTVN10__cxxabiv120__si_class_type_infoE) for vtable for __cxxabiv1::__si_class_type_info
    lib_rtti_impl.o(.constdata__ZTIN10__cxxabiv121__vmi_class_type_infoE) refers to lib_rtti_impl.o(.constdata__ZTSN10__cxxabiv121__vmi_class_type_infoE) for typeinfo name for __cxxabiv1::__vmi_class_type_info
    lib_rtti_impl.o(.constdata__ZTIN10__cxxabiv121__vmi_class_type_infoE) refers to lib_rtti_impl.o(.constdata__ZTIN10__cxxabiv117__class_type_infoE) for typeinfo for __cxxabiv1::__class_type_info
    lib_rtti_impl.o(.constdata__ZTIN10__cxxabiv117__pbase_type_infoE) refers to lib_rtti_impl.o(.constdata__ZTVN10__cxxabiv120__si_class_type_infoE) for vtable for __cxxabiv1::__si_class_type_info
    lib_rtti_impl.o(.constdata__ZTIN10__cxxabiv117__pbase_type_infoE) refers to lib_rtti_impl.o(.constdata__ZTSN10__cxxabiv117__pbase_type_infoE) for typeinfo name for __cxxabiv1::__pbase_type_info
    lib_rtti_impl.o(.constdata__ZTIN10__cxxabiv117__pbase_type_infoE) refers to type_info_dtor.o(.constdata__ZTISt9type_info) for typeinfo for std::type_info
    lib_rtti_impl.o(.constdata__ZTIN10__cxxabiv119__pointer_type_infoE) refers to lib_rtti_impl.o(.constdata__ZTVN10__cxxabiv120__si_class_type_infoE) for vtable for __cxxabiv1::__si_class_type_info
    lib_rtti_impl.o(.constdata__ZTIN10__cxxabiv119__pointer_type_infoE) refers to lib_rtti_impl.o(.constdata__ZTSN10__cxxabiv119__pointer_type_infoE) for typeinfo name for __cxxabiv1::__pointer_type_info
    lib_rtti_impl.o(.constdata__ZTIN10__cxxabiv119__pointer_type_infoE) refers to lib_rtti_impl.o(.constdata__ZTIN10__cxxabiv117__pbase_type_infoE) for typeinfo for __cxxabiv1::__pbase_type_info
    lib_rtti_impl.o(.constdata__ZTIN10__cxxabiv129__pointer_to_member_type_infoE) refers to lib_rtti_impl.o(.constdata__ZTVN10__cxxabiv120__si_class_type_infoE) for vtable for __cxxabiv1::__si_class_type_info
    lib_rtti_impl.o(.constdata__ZTIN10__cxxabiv129__pointer_to_member_type_infoE) refers to lib_rtti_impl.o(.constdata__ZTSN10__cxxabiv129__pointer_to_member_type_infoE) for typeinfo name for __cxxabiv1::__pointer_to_member_type_info
    lib_rtti_impl.o(.constdata__ZTIN10__cxxabiv129__pointer_to_member_type_infoE) refers to lib_rtti_impl.o(.constdata__ZTIN10__cxxabiv117__pbase_type_infoE) for typeinfo for __cxxabiv1::__pbase_type_info
    lib_rtti_impl.o(i.__ARM_common_noexcept_landing) refers to arm_exceptions_callterm.o(.text) for __cxa_call_terminate
    lib_rtti_impl.o(.ARM.exidx) refers to lib_rtti_impl.o(i.__ARM_common_noexcept_landing) for i.__ARM_common_noexcept_landing
    bad_alloc_dtor.o(.constdata__ZTVSt9bad_alloc) refers to bad_alloc_dtor.o(.constdata__ZTISt9bad_alloc) for typeinfo for std::bad_alloc
    bad_alloc_dtor.o(.constdata__ZTVSt9bad_alloc) refers to bad_alloc_dtor.o(i._ZNSt9bad_allocD1Ev) for std::bad_alloc::~bad_alloc()
    bad_alloc_dtor.o(.constdata__ZTVSt9bad_alloc) refers to bad_alloc_dtor.o(i._ZNSt9bad_allocD0Ev) for std::bad_alloc::~bad_alloc__deallocating()
    bad_alloc_dtor.o(.constdata__ZTVSt9bad_alloc) refers to bad_alloc_what.o(i._ZNKSt9bad_alloc4whatEv) for std::bad_alloc::what() const
    bad_alloc_dtor.o(.constdata__ZTISt9bad_alloc) refers to lib_rtti_impl.o(.constdata__ZTVN10__cxxabiv120__si_class_type_infoE) for vtable for __cxxabiv1::__si_class_type_info
    bad_alloc_dtor.o(.constdata__ZTISt9bad_alloc) refers to bad_alloc_dtor.o(.constdata__ZTSSt9bad_alloc) for typeinfo name for std::bad_alloc
    bad_alloc_dtor.o(.constdata__ZTISt9bad_alloc) refers to exception_dtor.o(.constdata__ZTISt9exception) for typeinfo for std::exception
    type_info_dtor.o(.constdata__ZTVSt9type_info) refers to type_info_dtor.o(.constdata__ZTISt9type_info) for typeinfo for std::type_info
    type_info_dtor.o(.constdata__ZTVSt9type_info) refers to type_info_dtor.o(i._ZNSt9type_infoD1Ev) for std::type_info::~type_info()
    type_info_dtor.o(.constdata__ZTVSt9type_info) refers to type_info_dtor.o(i._ZNSt9type_infoD0Ev) for std::type_info::~type_info__deallocating()
    type_info_dtor.o(.constdata__ZTISt9type_info) refers to lib_rtti_impl.o(.constdata__ZTVN10__cxxabiv117__class_type_infoE) for vtable for __cxxabiv1::__class_type_info
    type_info_dtor.o(.constdata__ZTISt9type_info) refers to type_info_dtor.o(.constdata__ZTSSt9type_info) for typeinfo name for std::type_info
    exception_dtor.o(.constdata__ZTVSt9exception) refers to exception_dtor.o(.constdata__ZTISt9exception) for typeinfo for std::exception
    exception_dtor.o(.constdata__ZTVSt9exception) refers to exception_dtor.o(i._ZNSt9exceptionD1Ev) for std::exception::~exception()
    exception_dtor.o(.constdata__ZTVSt9exception) refers to exception_dtor.o(i._ZNSt9exceptionD0Ev) for std::exception::~exception__deallocating()
    exception_dtor.o(.constdata__ZTVSt9exception) refers to exception_what.o(i._ZNKSt9exception4whatEv) for std::exception::what() const
    exception_dtor.o(.constdata__ZTISt9exception) refers to lib_rtti_impl.o(.constdata__ZTVN10__cxxabiv117__class_type_infoE) for vtable for __cxxabiv1::__class_type_info
    exception_dtor.o(.constdata__ZTISt9exception) refers to exception_dtor.o(.constdata__ZTSSt9exception) for typeinfo name for std::exception


==============================================================================

Removing Unused input sections from the image.

    Removing commonconfig.o(.ARM.exidx), (8 bytes).
    Removing stm32f10x_it.o(.ARM.exidx), (8 bytes).
    Removing main.o(.ARM.exidx), (8 bytes).
    Removing main.o(.bss), (10 bytes).
    Removing main.o(.constdata), (1 bytes).
    Removing powerupoption.o(.text), (752 bytes).
    Removing powerupoption.o(.ARM.exidx), (8 bytes).
    Removing powerupoption.o(.bss), (16 bytes).
    Removing powerupoption.o(.data), (4 bytes).
    Removing heartled.o(.ARM.exidx), (8 bytes).
    Removing system_stm32f10x.o(.ARM.exidx), (8 bytes).
    Removing core_cm3.o(.emb_text), (32 bytes).
    Removing misc.o(.ARM.exidx), (8 bytes).
    Removing stm32f10x_gpio.o(.ARM.exidx), (8 bytes).
    Removing stm32f10x_rcc.o(.ARM.exidx), (8 bytes).
    Removing stm32f10x_dma.o(.text), (456 bytes).
    Removing stm32f10x_dma.o(.ARM.exidx), (8 bytes).
    Removing stm32f10x_usart.o(.text), (808 bytes).
    Removing stm32f10x_usart.o(.ARM.exidx), (8 bytes).
    Removing stm32f10x_flash.o(.text), (1148 bytes).
    Removing stm32f10x_flash.o(.ARM.exidx), (8 bytes).
    Removing rtt_vsnprintf.o(.ARM.exidx), (8 bytes).
    Removing console.o(.ARM.exidx), (8 bytes).
    Removing segger_rtt.o(.ARM.exidx), (8 bytes).
    Removing cusart.o(.text), (1096 bytes).
    Removing cusart.o(.ARM.exidx), (8 bytes).
    Removing timer.o(.ARM.exidx), (8 bytes).
    Removing timer.o(.data), (4 bytes).
    Removing stmflash.o(.text), (608 bytes).
    Removing stmflash.o(.ARM.exidx), (8 bytes).
    Removing stmflash.o(.data), (8 bytes).
    Removing main.o(.ARM.exidx), (8 bytes).
    Removing console.o(.ARM.exidx), (8 bytes).
    Removing console.o(.ARM.exidx), (8 bytes).
    Removing console.o(.ARM.exidx), (8 bytes).
    Removing console.o(.constdata__ZTI11CRttConsole), (12 bytes).
    Removing console.o(.constdata__ZTIN8CConsole11COstreamDevE), (8 bytes).
    Removing console.o(.constdata__ZTS11CRttConsole), (14 bytes).
    Removing console.o(.constdata__ZTSN8CConsole11COstreamDevE), (25 bytes).
    Removing console.o(i._ZN8CConsole11COstreamDev5closeEv), (4 bytes).
    Removing console.o(.ARM.exidx), (8 bytes).
    Removing console.o(.ARM.exidx), (8 bytes).
    Removing console.o(.ARM.exidx), (8 bytes).
    Removing console.o(.ARM.exidx), (8 bytes).
    Removing console.o(.ARM.exidx), (8 bytes).
    Removing console.o(.ARM.exidx), (8 bytes).
    Removing console.o(.ARM.exidx), (8 bytes).
    Removing console.o(.ARM.exidx), (8 bytes).
    Removing console.o(i._ZN8CConsole11COstreamDevD2Ev), (12 bytes).
    Removing console.o(.ARM.exidx), (8 bytes).
    Removing console.o(.ARM.exidx), (8 bytes).
    Removing cusart.o(t._ZN12ringque_baseIhE10push_arrayEPht), (104 bytes).
    Removing cusart.o(.ARM.exidx), (8 bytes).
    Removing timer.o(.ARM.exidx), (8 bytes).

54 unused section(s) (total 5394 bytes) removed from the image.

==============================================================================

Image Symbol Table

    Local Symbols

    Symbol Name                              Value     Ov Type        Size  Object(Section)

    ../../../clib/unwind_pr.c                0x00000000   Number         0  unwind_prcommon.o ABSOLUTE
    ../../../clib/unwind_pr.c                0x00000000   Number         0  unwind_pr0.o ABSOLUTE
    ../../../clib/unwinder.c                 0x00000000   Number         0  unwinder.o ABSOLUTE
    ../../../clib/unwinder.c                 0x00000000   Number         0  unwinder.o ABSOLUTE
    ../../../clib/unwinder.c                 0x00000000   Number         0  unwind_activity.o ABSOLUTE
    ../../../clib/unwinder.c                 0x00000000   Number         0  unwind_activity.o ABSOLUTE
    ../../../edgfe/lib_src/arm_exceptions.c  0x00000000   Number         0  arm_exceptions_mem.o ABSOLUTE
    ../../../edgfe/lib_src/arm_exceptions.c  0x00000000   Number         0  arm_exceptions_terminate.o ABSOLUTE
    ../../../edgfe/lib_src/arm_exceptions.c  0x00000000   Number         0  arm_exceptions_support.o ABSOLUTE
    ../../../edgfe/lib_src/arm_exceptions.c  0x00000000   Number         0  arm_exceptions_globs.o ABSOLUTE
    ../../../edgfe/lib_src/arm_exceptions.c  0x00000000   Number         0  arm_exceptions_callterm.o ABSOLUTE
    ../../../edgfe/lib_src/arm_noexceptions.c 0x00000000   Number         0  arm_newhandler_noexceptions.o ABSOLUTE
    ../../../edgfe/lib_src/arm_noexceptions.c 0x00000000   Number         0  arm_callunex_noexceptions.o ABSOLUTE
    ../../../edgfe/lib_src/arm_noexceptions.c 0x00000000   Number         0  arm_begincatch_noexceptions.o ABSOLUTE
    ../../../edgfe/lib_src/bad_alloc.c       0x00000000   Number         0  bad_alloc_dtor.o ABSOLUTE
    ../../../edgfe/lib_src/bad_alloc.c       0x00000000   Number         0  bad_alloc_what.o ABSOLUTE
    ../../../edgfe/lib_src/delete.c          0x00000000   Number         0  delete.o ABSOLUTE
    ../../../edgfe/lib_src/exception.c       0x00000000   Number         0  exception_what.o ABSOLUTE
    ../../../edgfe/lib_src/exception.c       0x00000000   Number         0  exception_dtor.o ABSOLUTE
    ../../../edgfe/lib_src/new.c             0x00000000   Number         0  new.o ABSOLUTE
    ../../../edgfe/lib_src/pure_virt.c       0x00000000   Number         0  pure_virt.o ABSOLUTE
    ../../../edgfe/lib_src/typeinfo.c        0x00000000   Number         0  lib_rtti_impl.o ABSOLUTE
    ../../../edgfe/lib_src/typeinfo.c        0x00000000   Number         0  type_info_dtor.o ABSOLUTE
    ../clib/microlib/cpp/cpp_init.c          0x00000000   Number         0  cpp_init.o ABSOLUTE
    ../clib/microlib/cpp/cpp_init.c          0x00000000   Number         0  cpp_init.o ABSOLUTE
    ../clib/microlib/cpp/cpp_memory.c        0x00000000   Number         0  cpp_memory.o ABSOLUTE
    ../clib/microlib/cpp/cpp_signal.c        0x00000000   Number         0  cpp_signal.o ABSOLUTE
    ../clib/microlib/init/entry.s            0x00000000   Number         0  entry7b.o ABSOLUTE
    ../clib/microlib/init/entry.s            0x00000000   Number         0  entry8a.o ABSOLUTE
    ../clib/microlib/init/entry.s            0x00000000   Number         0  entry8b.o ABSOLUTE
    ../clib/microlib/init/entry.s            0x00000000   Number         0  entry9a.o ABSOLUTE
    ../clib/microlib/init/entry.s            0x00000000   Number         0  entry9b.o ABSOLUTE
    ../clib/microlib/init/entry.s            0x00000000   Number         0  entry10a.o ABSOLUTE
    ../clib/microlib/init/entry.s            0x00000000   Number         0  entry10b.o ABSOLUTE
    ../clib/microlib/init/entry.s            0x00000000   Number         0  entry11a.o ABSOLUTE
    ../clib/microlib/init/entry.s            0x00000000   Number         0  entry11b.o ABSOLUTE
    ../clib/microlib/init/entry.s            0x00000000   Number         0  entry.o ABSOLUTE
    ../clib/microlib/init/entry.s            0x00000000   Number         0  entry2.o ABSOLUTE
    ../clib/microlib/init/entry.s            0x00000000   Number         0  entry5.o ABSOLUTE
    ../clib/microlib/init/entry.s            0x00000000   Number         0  entry7a.o ABSOLUTE
    ../clib/microlib/malloc/malloc.c         0x00000000   Number         0  mallocra.o ABSOLUTE
    ../clib/microlib/malloc/malloc.c         0x00000000   Number         0  malloca.o ABSOLUTE
    ../clib/microlib/malloc/malloc.c         0x00000000   Number         0  mallocr.o ABSOLUTE
    ../clib/microlib/malloc/malloc.c         0x00000000   Number         0  malloc.o ABSOLUTE
    ../clib/microlib/malloc/mvars.c          0x00000000   Number         0  mvars.o ABSOLUTE
    ../clib/microlib/stdlib/abort.c          0x00000000   Number         0  abort.o ABSOLUTE
    ../clib/microlib/stdlib/bsearch.c        0x00000000   Number         0  bsearch.o ABSOLUTE
    ../clib/microlib/string/memcpy.c         0x00000000   Number         0  memcpyb.o ABSOLUTE
    ../clib/microlib/string/memcpy.c         0x00000000   Number         0  memcpya.o ABSOLUTE
    ../clib/microlib/string/memset.c         0x00000000   Number         0  memseta.o ABSOLUTE
    ../clib/microlib/string/strcpy.c         0x00000000   Number         0  strcpy.o ABSOLUTE
    ../clib/microlib/string/strlen.c         0x00000000   Number         0  strlen.o ABSOLUTE
    ..\CMSIS\CM3\CoreSupport\core_cm3.c      0x00000000   Number         0  core_cm3.o ABSOLUTE
    ..\CMSIS\CM3\DeviceSupport\ST\STM32F10x\system_stm32f10x.c 0x00000000   Number         0  system_stm32f10x.o ABSOLUTE
    ..\F1HAL\CUsart.cpp                      0x00000000   Number         0  cusart.o ABSOLUTE
    ..\F1HAL\Timer.cpp                       0x00000000   Number         0  timer.o ABSOLUTE
    ..\F1HAL\stmflash.c                      0x00000000   Number         0  stmflash.o ABSOLUTE
    ..\Libraries\src\misc.c                  0x00000000   Number         0  misc.o ABSOLUTE
    ..\Libraries\src\stm32f10x_dma.c         0x00000000   Number         0  stm32f10x_dma.o ABSOLUTE
    ..\Libraries\src\stm32f10x_flash.c       0x00000000   Number         0  stm32f10x_flash.o ABSOLUTE
    ..\Libraries\src\stm32f10x_gpio.c        0x00000000   Number         0  stm32f10x_gpio.o ABSOLUTE
    ..\Libraries\src\stm32f10x_rcc.c         0x00000000   Number         0  stm32f10x_rcc.o ABSOLUTE
    ..\Libraries\src\stm32f10x_usart.c       0x00000000   Number         0  stm32f10x_usart.o ABSOLUTE
    ..\Libraries\startup\startup_stm32f10x_hd.s 0x00000000   Number         0  startup_stm32f10x_hd.o ABSOLUTE
    ..\Logger\Console.cpp                    0x00000000   Number         0  console.o ABSOLUTE
    ..\Logger\SEGGER_RTT.c                   0x00000000   Number         0  segger_rtt.o ABSOLUTE
    ..\Logger\rtt_vsnprintf.c                0x00000000   Number         0  rtt_vsnprintf.o ABSOLUTE
    ..\\CMSIS\\CM3\\CoreSupport\\core_cm3.c  0x00000000   Number         0  core_cm3.o ABSOLUTE
    USER\CommonConfig.c                      0x00000000   Number         0  commonconfig.o ABSOLUTE
    USER\HeartLed.c                          0x00000000   Number         0  heartled.o ABSOLUTE
    USER\main.cpp                            0x00000000   Number         0  main.o ABSOLUTE
    USER\powerupOption.cpp                   0x00000000   Number         0  powerupoption.o ABSOLUTE
    USER\stm32f10x_it.c                      0x00000000   Number         0  stm32f10x_it.o ABSOLUTE
    dc.s                                     0x00000000   Number         0  dc.o ABSOLUTE
    handlers.s                               0x00000000   Number         0  handlers.o ABSOLUTE
    init.s                                   0x00000000   Number         0  init.o ABSOLUTE
    RESET                                    0x08000000   Section      304  startup_stm32f10x_hd.o(RESET)
    .ARM.Collect$$$$00000000                 0x08000130   Section        0  entry.o(.ARM.Collect$$$$00000000)
    .ARM.Collect$$$$00000001                 0x08000130   Section        4  entry2.o(.ARM.Collect$$$$00000001)
    .ARM.Collect$$$$00000004                 0x08000134   Section        4  entry5.o(.ARM.Collect$$$$00000004)
    .ARM.Collect$$$$00000008                 0x08000138   Section        0  entry7b.o(.ARM.Collect$$$$00000008)
    .ARM.Collect$$$$00000009                 0x08000138   Section        4  entry8a.o(.ARM.Collect$$$$00000009)
    .ARM.Collect$$$$0000000A                 0x0800013c   Section        0  entry8b.o(.ARM.Collect$$$$0000000A)
    .ARM.Collect$$$$0000000B                 0x0800013c   Section        8  entry9a.o(.ARM.Collect$$$$0000000B)
    .ARM.Collect$$$$0000000D                 0x08000144   Section        0  entry10a.o(.ARM.Collect$$$$0000000D)
    .ARM.Collect$$$$0000000F                 0x08000144   Section        0  entry11a.o(.ARM.Collect$$$$0000000F)
    .ARM.Collect$$$$00002712                 0x08000144   Section        4  entry2.o(.ARM.Collect$$$$00002712)
    __lit__00000000                          0x08000144   Data           4  entry2.o(.ARM.Collect$$$$00002712)
    .text                                    0x08000148   Section        0  commonconfig.o(.text)
    .text                                    0x08000170   Section        0  stm32f10x_it.o(.text)
    .text                                    0x08000188   Section        0  main.o(.text)
    .text                                    0x08000244   Section        0  heartled.o(.text)
    .text                                    0x080002a4   Section        0  system_stm32f10x.o(.text)
    SetSysClockTo72()                        0x080002a5   Thumb Code   160  system_stm32f10x.o(.text)
    .text                                    0x080003f8   Section        0  misc.o(.text)
    .text                                    0x080004a8   Section        0  stm32f10x_gpio.o(.text)
    .text                                    0x08000714   Section        0  stm32f10x_rcc.o(.text)
    .text                                    0x080009c8   Section       36  startup_stm32f10x_hd.o(.text)
    .text                                    0x080009ec   Section        0  rtt_vsnprintf.o(.text)
    _PrintUnsigned(SEGGER_RTT_PRINTF_DESC*, unsigned, unsigned, unsigned, unsigned, unsigned) 0x080009ed   Thumb Code   206  rtt_vsnprintf.o(.text)
    _StoreChar(SEGGER_RTT_PRINTF_DESC*, char) 0x08000c13   Thumb Code    26  rtt_vsnprintf.o(.text)
    _PrintInt(SEGGER_RTT_PRINTF_DESC*, int, unsigned, unsigned, unsigned, unsigned) 0x08000c2d   Thumb Code   198  rtt_vsnprintf.o(.text)
    .text                                    0x08000cf8   Section        0  console.o(.text)
    __sti___11_Console_cpp_83107b18          0x08000e9f   Thumb Code    26  console.o(.text)
    .text                                    0x08000ec4   Section        0  segger_rtt.o(.text)
    _DoInit()                                0x08000ec5   Thumb Code    76  segger_rtt.o(.text)
    _WriteBlocking(SEGGER_RTT_BUFFER_UP*, const char*, unsigned) 0x08000f11   Thumb Code    90  segger_rtt.o(.text)
    _WriteNoCheck(SEGGER_RTT_BUFFER_UP*, const char*, unsigned) 0x08000f6b   Thumb Code    66  segger_rtt.o(.text)
    _PostTerminalSwitch(SEGGER_RTT_BUFFER_UP*, unsigned char) 0x080015e9   Thumb Code    26  segger_rtt.o(.text)
    _GetAvailWriteSpace(SEGGER_RTT_BUFFER_UP*) 0x08001603   Thumb Code    22  segger_rtt.o(.text)
    .text                                    0x08001620   Section        0  timer.o(.text)
    .text                                    0x080016fc   Section        0  memcpya.o(.text)
    .text                                    0x08001720   Section        0  memseta.o(.text)
    .text                                    0x08001744   Section        0  strlen.o(.text)
    .text                                    0x08001752   Section        0  strcpy.o(.text)
    .text                                    0x08001764   Section        0  cpp_init.o(.text)
    .text                                    0x08001784   Section        0  arm_newhandler_noexceptions.o(.text)
    .text                                    0x08001788   Section        0  cpp_memory.o(.text)
    .text                                    0x0800179c   Section        0  cpp_signal.o(.text)
    .text                                    0x0800179e   Section        0  arm_exceptions_terminate.o(.text)
    .text                                    0x080017b8   Section        0  arm_exceptions_globs.o(.text)
    [local to arm_exceptions_c]::__default_terminate_handler() 0x080017b9   Thumb Code     6  arm_exceptions_globs.o(.text)
    .text                                    0x08001808   Section       36  init.o(.text)
    .text                                    0x0800182c   Section        0  arm_exceptions_mem.o(.text)
    i._ZN11CRttConsole11getFreeSizeEv        0x08001868   Section        0  console.o(i._ZN11CRttConsole11getFreeSizeEv)
    i._ZN11CRttConsole4openEv                0x0800186c   Section        0  console.o(i._ZN11CRttConsole4openEv)
    i._ZN11CRttConsole5writeEPht             0x08001876   Section        0  console.o(i._ZN11CRttConsole5writeEPht)
    i._ZN11CRttConsole6isIdelEv              0x08001882   Section        0  console.o(i._ZN11CRttConsole6isIdelEv)
    i._ZN11CRttConsoleD0Ev                   0x08001886   Section        0  console.o(i._ZN11CRttConsoleD0Ev)
    i._ZN11CRttConsoleD1Ev                   0x08001894   Section        0  console.o(i._ZN11CRttConsoleD1Ev)
    i._ZN8CConsole11COstreamDev14runTransmitterEv 0x080018a0   Section        0  console.o(i._ZN8CConsole11COstreamDev14runTransmitterEv)
    i._ZN8CConsole11COstreamDevD0Ev          0x080018a4   Section        0  console.o(i._ZN8CConsole11COstreamDevD0Ev)
    i._ZdlPv                                 0x080018b0   Section        0  delete.o(i._ZdlPv)
    i._Znwj                                  0x080018b8   Section        0  new.o(i._Znwj)
    i.__cxa_pure_virtual                     0x080018e0   Section        0  pure_virt.o(i.__cxa_pure_virtual)
    i.__scatterload_copy                     0x080018e6   Section       14  handlers.o(i.__scatterload_copy)
    i.__scatterload_null                     0x080018f4   Section        2  handlers.o(i.__scatterload_null)
    i.__scatterload_zeroinit                 0x080018f6   Section       14  handlers.o(i.__scatterload_zeroinit)
    i.free                                   0x08001904   Section        0  malloc.o(i.free)
    i.malloc                                 0x08001954   Section        0  malloc.o(i.malloc)
    t._ZN12ringque_baseIcE10push_arrayEPct   0x080019c0   Section        0  console.o(t._ZN12ringque_baseIcE10push_arrayEPct)
    t._ZN15NormalSingletonI10CBaseTimerE8InstanceEv 0x08001a1c   Section        0  timer.o(t._ZN15NormalSingletonI10CBaseTimerE8InstanceEv)
    t._ZN15NormalSingletonI8CConsoleE8InstanceEv 0x08001a38   Section        0  main.o(t._ZN15NormalSingletonI8CConsoleE8InstanceEv)
    t._ZNK12ringque_baseIcE10elemsInQueEv    0x08001a54   Section        0  console.o(t._ZNK12ringque_baseIcE10elemsInQueEv)
    t._ZNK12ringque_baseIcE15emptyElemsInQueEv 0x08001a64   Section        0  console.o(t._ZNK12ringque_baseIcE15emptyElemsInQueEv)
    .constdata                               0x08001a76   Section       16  rtt_vsnprintf.o(.constdata)
    _aV2C                                    0x08001a76   Data          16  rtt_vsnprintf.o(.constdata)
    .constdata__ZTV11CRttConsole             0x08001a88   Section       40  console.o(.constdata__ZTV11CRttConsole)
    .constdata__ZTVN8CConsole11COstreamDevE  0x08001ab0   Section       40  console.o(.constdata__ZTVN8CConsole11COstreamDevE)
    .init_array                              0x08001af8   Section        4  console.o(.init_array)
    .init_array                              0x08001afc   Section        0  cpp_init.o(.init_array)
    .data                                    0x20000000   Section        8  heartled.o(.data)
    LedOn                                    0x20000000   Data           1  heartled.o(.data)
    cnt                                      0x20000004   Data           4  heartled.o(.data)
    .data                                    0x20000008   Section       20  system_stm32f10x.o(.data)
    .data                                    0x2000001c   Section       20  stm32f10x_rcc.o(.data)
    ADCPrescTable                            0x2000001c   Data           4  stm32f10x_rcc.o(.data)
    APBAHBPrescTable                         0x20000020   Data          16  stm32f10x_rcc.o(.data)
    .data                                    0x20000030   Section       17  segger_rtt.o(.data)
    _ActiveTerminal                          0x20000030   Data           1  segger_rtt.o(.data)
    _aTerminalId                             0x20000031   Data          16  segger_rtt.o(.data)
    .data                                    0x20000044   Section       12  cpp_memory.o(.data)
    handler_pointer                          0x20000044   Data           4  cpp_memory.o(.data)
    eh                                       0x20000048   Data           4  cpp_memory.o(.data)
    eh_p                                     0x2000004c   Data           4  cpp_memory.o(.data)
    .data                                    0x20000050   Section        4  mvars.o(.data)
    .data                                    0x20000054   Section        4  mvars.o(.data)
    .data__ZN15NormalSingletonI10CBaseTimerE3insE 0x20000058   Section        4  main.o(.data__ZN15NormalSingletonI10CBaseTimerE3insE)
    .data__ZN15NormalSingletonI8CConsoleE3insE 0x2000005c   Section        4  main.o(.data__ZN15NormalSingletonI8CConsoleE3insE)
    .bss                                     0x20000060   Section      656  console.o(.bss)
    .bss                                     0x200002f0   Section     1208  segger_rtt.o(.bss)
    _acUpBuffer                              0x20000398   Data        1024  segger_rtt.o(.bss)
    _acDownBuffer                            0x20000798   Data          16  segger_rtt.o(.bss)
    HEAP                                     0x200007a8   Section      512  startup_stm32f10x_hd.o(HEAP)
    STACK                                    0x200009a8   Section     1024  startup_stm32f10x_hd.o(STACK)

    Global Symbols

    Symbol Name                              Value     Ov Type        Size  Object(Section)

    BuildAttributes$$THM_ISAv4$P$D$K$B$S$PE$A:L22UL41UL21$X:L11$S22US41US21$IEEE1$IW$USESV6$~STKCKD$USESV7$~SHL$OSPACE$EBA8$UX$MICROLIB$REQ8$PRES8$EABIv2 0x00000000   Number         0  anon$$obj.o ABSOLUTE
    __ARM_use_no_argv                        0x00000000   Number         0  main.o ABSOLUTE
    SHT$$ARM_EXIDX$$Base                      - Undefined Reference
    SHT$$ARM_EXIDX$$Limit                     - Undefined Reference
    __ARM::default_unexpected_handler()       - Undefined Weak Reference
    __ARM_exceptions_buffer_required          - Undefined Weak Reference
    __aeabi_unwind_cpp_pr1                    - Undefined Weak Reference
    __aeabi_unwind_cpp_pr2                    - Undefined Weak Reference
    __cxa_begin_cleanup                       - Undefined Weak Reference
    __cxa_finalize                            - Undefined Weak Reference
    __cxa_type_match                          - Undefined Weak Reference
    __decompress                              - Undefined Weak Reference
    _clock_init                               - Undefined Weak Reference
    _microlib_exit                            - Undefined Weak Reference
    __Vectors_Size                           0x00000130   Number         0  startup_stm32f10x_hd.o ABSOLUTE
    __Vectors                                0x08000000   Data           4  startup_stm32f10x_hd.o(RESET)
    __Vectors_End                            0x08000130   Data           0  startup_stm32f10x_hd.o(RESET)
    __main                                   0x08000131   Thumb Code     0  entry.o(.ARM.Collect$$$$00000000)
    _main_stk                                0x08000131   Thumb Code     0  entry2.o(.ARM.Collect$$$$00000001)
    _main_scatterload                        0x08000135   Thumb Code     0  entry5.o(.ARM.Collect$$$$00000004)
    __main_after_scatterload                 0x08000139   Thumb Code     0  entry5.o(.ARM.Collect$$$$00000004)
    _main_clock                              0x08000139   Thumb Code     0  entry7b.o(.ARM.Collect$$$$00000008)
    _main_cpp_init$empty                     0x08000139   Thumb Code     0  entry8a.o(.ARM.Collect$$$$00000009)
    _main_cpp_init                           0x0800013d   Thumb Code     0  entry8b.o(.ARM.Collect$$$$0000000A)
    _main_init                               0x0800013d   Thumb Code     0  entry9a.o(.ARM.Collect$$$$0000000B)
    __rt_final_cpp                           0x08000145   Thumb Code     0  entry10a.o(.ARM.Collect$$$$0000000D)
    __rt_final_exit                          0x08000145   Thumb Code     0  entry11a.o(.ARM.Collect$$$$0000000F)
    CommonConfig                             0x08000149   Thumb Code    36  commonconfig.o(.text)
    NMI_Handler                              0x08000171   Thumb Code     2  stm32f10x_it.o(.text)
    HardFault_Handler                        0x08000173   Thumb Code     2  stm32f10x_it.o(.text)
    MemManage_Handler                        0x08000175   Thumb Code     2  stm32f10x_it.o(.text)
    BusFault_Handler                         0x08000177   Thumb Code     2  stm32f10x_it.o(.text)
    UsageFault_Handler                       0x08000179   Thumb Code     2  stm32f10x_it.o(.text)
    SVC_Handler                              0x0800017b   Thumb Code     2  stm32f10x_it.o(.text)
    DebugMon_Handler                         0x0800017d   Thumb Code     2  stm32f10x_it.o(.text)
    PendSV_Handler                           0x0800017f   Thumb Code     2  stm32f10x_it.o(.text)
    SysTick_Handler                          0x08000181   Thumb Code     4  stm32f10x_it.o(.text)
    USB_LP_CAN1_RX0_IRQHandler               0x08000185   Thumb Code     2  stm32f10x_it.o(.text)
    main                                     0x08000189   Thumb Code    62  main.o(.text)
    assert_failed(unsigned char*, unsigned)  0x080001c7   Thumb Code    52  main.o(.text)
    Initial_HeartLed()                       0x08000245   Thumb Code    40  heartled.o(.text)
    HeartLed_Run()                           0x0800026d   Thumb Code    46  heartled.o(.text)
    SystemInit                               0x08000345   Thumb Code    64  system_stm32f10x.o(.text)
    SystemCoreClockUpdate                    0x08000385   Thumb Code    84  system_stm32f10x.o(.text)
    NVIC_PriorityGroupConfig                 0x080003f9   Thumb Code    10  misc.o(.text)
    NVIC_Init                                0x08000403   Thumb Code    94  misc.o(.text)
    NVIC_SetVectorTable                      0x08000461   Thumb Code    14  misc.o(.text)
    NVIC_SystemLPConfig                      0x0800046f   Thumb Code    20  misc.o(.text)
    SysTick_CLKSourceConfig                  0x08000483   Thumb Code    24  misc.o(.text)
    GPIO_DeInit                              0x080004a9   Thumb Code   152  stm32f10x_gpio.o(.text)
    GPIO_AFIODeInit                          0x08000541   Thumb Code    22  stm32f10x_gpio.o(.text)
    GPIO_Init                                0x08000557   Thumb Code   164  stm32f10x_gpio.o(.text)
    GPIO_StructInit                          0x080005fb   Thumb Code    16  stm32f10x_gpio.o(.text)
    GPIO_ReadInputDataBit                    0x0800060b   Thumb Code    14  stm32f10x_gpio.o(.text)
    GPIO_ReadInputData                       0x08000619   Thumb Code     6  stm32f10x_gpio.o(.text)
    GPIO_ReadOutputDataBit                   0x0800061f   Thumb Code    14  stm32f10x_gpio.o(.text)
    GPIO_ReadOutputData                      0x0800062d   Thumb Code     6  stm32f10x_gpio.o(.text)
    GPIO_SetBits                             0x08000633   Thumb Code     4  stm32f10x_gpio.o(.text)
    GPIO_ResetBits                           0x08000637   Thumb Code     4  stm32f10x_gpio.o(.text)
    GPIO_WriteBit                            0x0800063b   Thumb Code    10  stm32f10x_gpio.o(.text)
    GPIO_Write                               0x08000645   Thumb Code     4  stm32f10x_gpio.o(.text)
    GPIO_PinLockConfig                       0x08000649   Thumb Code    16  stm32f10x_gpio.o(.text)
    GPIO_EventOutputConfig                   0x08000659   Thumb Code    22  stm32f10x_gpio.o(.text)
    GPIO_EventOutputCmd                      0x0800066f   Thumb Code     6  stm32f10x_gpio.o(.text)
    GPIO_PinRemapConfig                      0x08000675   Thumb Code    82  stm32f10x_gpio.o(.text)
    GPIO_EXTILineConfig                      0x080006c7   Thumb Code    34  stm32f10x_gpio.o(.text)
    GPIO_ETH_MediaInterfaceConfig            0x080006e9   Thumb Code     8  stm32f10x_gpio.o(.text)
    RCC_DeInit                               0x08000715   Thumb Code    50  stm32f10x_rcc.o(.text)
    RCC_HSEConfig                            0x08000747   Thumb Code    48  stm32f10x_rcc.o(.text)
    RCC_GetFlagStatus                        0x08000777   Thumb Code    42  stm32f10x_rcc.o(.text)
    RCC_WaitForHSEStartUp                    0x080007a1   Thumb Code    44  stm32f10x_rcc.o(.text)
    RCC_AdjustHSICalibrationValue            0x080007cd   Thumb Code    16  stm32f10x_rcc.o(.text)
    RCC_HSICmd                               0x080007dd   Thumb Code     6  stm32f10x_rcc.o(.text)
    RCC_PLLConfig                            0x080007e3   Thumb Code    16  stm32f10x_rcc.o(.text)
    RCC_PLLCmd                               0x080007f3   Thumb Code     6  stm32f10x_rcc.o(.text)
    RCC_SYSCLKConfig                         0x080007f9   Thumb Code    14  stm32f10x_rcc.o(.text)
    RCC_GetSYSCLKSource                      0x08000807   Thumb Code    10  stm32f10x_rcc.o(.text)
    RCC_HCLKConfig                           0x08000811   Thumb Code    14  stm32f10x_rcc.o(.text)
    RCC_PCLK1Config                          0x0800081f   Thumb Code    14  stm32f10x_rcc.o(.text)
    RCC_PCLK2Config                          0x0800082d   Thumb Code    16  stm32f10x_rcc.o(.text)
    RCC_ITConfig                             0x0800083d   Thumb Code    18  stm32f10x_rcc.o(.text)
    RCC_USBCLKConfig                         0x0800084f   Thumb Code     8  stm32f10x_rcc.o(.text)
    RCC_ADCCLKConfig                         0x08000857   Thumb Code    14  stm32f10x_rcc.o(.text)
    RCC_LSEConfig                            0x08000865   Thumb Code    28  stm32f10x_rcc.o(.text)
    RCC_LSICmd                               0x08000881   Thumb Code     6  stm32f10x_rcc.o(.text)
    RCC_RTCCLKConfig                         0x08000887   Thumb Code    10  stm32f10x_rcc.o(.text)
    RCC_RTCCLKCmd                            0x08000891   Thumb Code     8  stm32f10x_rcc.o(.text)
    RCC_GetClocksFreq                        0x08000899   Thumb Code   128  stm32f10x_rcc.o(.text)
    RCC_AHBPeriphClockCmd                    0x08000919   Thumb Code    18  stm32f10x_rcc.o(.text)
    RCC_APB2PeriphClockCmd                   0x0800092b   Thumb Code    18  stm32f10x_rcc.o(.text)
    RCC_APB1PeriphClockCmd                   0x0800093d   Thumb Code    18  stm32f10x_rcc.o(.text)
    RCC_APB2PeriphResetCmd                   0x0800094f   Thumb Code    18  stm32f10x_rcc.o(.text)
    RCC_APB1PeriphResetCmd                   0x08000961   Thumb Code    18  stm32f10x_rcc.o(.text)
    RCC_BackupResetCmd                       0x08000973   Thumb Code     8  stm32f10x_rcc.o(.text)
    RCC_ClockSecuritySystemCmd               0x0800097b   Thumb Code     6  stm32f10x_rcc.o(.text)
    RCC_MCOConfig                            0x08000981   Thumb Code     6  stm32f10x_rcc.o(.text)
    RCC_ClearFlag                            0x08000987   Thumb Code    12  stm32f10x_rcc.o(.text)
    RCC_GetITStatus                          0x08000993   Thumb Code    16  stm32f10x_rcc.o(.text)
    RCC_ClearITPendingBit                    0x080009a3   Thumb Code     6  stm32f10x_rcc.o(.text)
    Reset_Handler                            0x080009c9   Thumb Code     8  startup_stm32f10x_hd.o(.text)
    ADC1_2_IRQHandler                        0x080009e3   Thumb Code     0  startup_stm32f10x_hd.o(.text)
    ADC3_IRQHandler                          0x080009e3   Thumb Code     0  startup_stm32f10x_hd.o(.text)
    CAN1_RX1_IRQHandler                      0x080009e3   Thumb Code     0  startup_stm32f10x_hd.o(.text)
    CAN1_SCE_IRQHandler                      0x080009e3   Thumb Code     0  startup_stm32f10x_hd.o(.text)
    DMA1_Channel1_IRQHandler                 0x080009e3   Thumb Code     0  startup_stm32f10x_hd.o(.text)
    DMA1_Channel2_IRQHandler                 0x080009e3   Thumb Code     0  startup_stm32f10x_hd.o(.text)
    DMA1_Channel3_IRQHandler                 0x080009e3   Thumb Code     0  startup_stm32f10x_hd.o(.text)
    DMA1_Channel4_IRQHandler                 0x080009e3   Thumb Code     0  startup_stm32f10x_hd.o(.text)
    DMA1_Channel5_IRQHandler                 0x080009e3   Thumb Code     0  startup_stm32f10x_hd.o(.text)
    DMA1_Channel6_IRQHandler                 0x080009e3   Thumb Code     0  startup_stm32f10x_hd.o(.text)
    DMA1_Channel7_IRQHandler                 0x080009e3   Thumb Code     0  startup_stm32f10x_hd.o(.text)
    DMA2_Channel1_IRQHandler                 0x080009e3   Thumb Code     0  startup_stm32f10x_hd.o(.text)
    DMA2_Channel2_IRQHandler                 0x080009e3   Thumb Code     0  startup_stm32f10x_hd.o(.text)
    DMA2_Channel3_IRQHandler                 0x080009e3   Thumb Code     0  startup_stm32f10x_hd.o(.text)
    DMA2_Channel4_5_IRQHandler               0x080009e3   Thumb Code     0  startup_stm32f10x_hd.o(.text)
    EXTI0_IRQHandler                         0x080009e3   Thumb Code     0  startup_stm32f10x_hd.o(.text)
    EXTI15_10_IRQHandler                     0x080009e3   Thumb Code     0  startup_stm32f10x_hd.o(.text)
    EXTI1_IRQHandler                         0x080009e3   Thumb Code     0  startup_stm32f10x_hd.o(.text)
    EXTI2_IRQHandler                         0x080009e3   Thumb Code     0  startup_stm32f10x_hd.o(.text)
    EXTI3_IRQHandler                         0x080009e3   Thumb Code     0  startup_stm32f10x_hd.o(.text)
    EXTI4_IRQHandler                         0x080009e3   Thumb Code     0  startup_stm32f10x_hd.o(.text)
    EXTI9_5_IRQHandler                       0x080009e3   Thumb Code     0  startup_stm32f10x_hd.o(.text)
    FLASH_IRQHandler                         0x080009e3   Thumb Code     0  startup_stm32f10x_hd.o(.text)
    FSMC_IRQHandler                          0x080009e3   Thumb Code     0  startup_stm32f10x_hd.o(.text)
    I2C1_ER_IRQHandler                       0x080009e3   Thumb Code     0  startup_stm32f10x_hd.o(.text)
    I2C1_EV_IRQHandler                       0x080009e3   Thumb Code     0  startup_stm32f10x_hd.o(.text)
    I2C2_ER_IRQHandler                       0x080009e3   Thumb Code     0  startup_stm32f10x_hd.o(.text)
    I2C2_EV_IRQHandler                       0x080009e3   Thumb Code     0  startup_stm32f10x_hd.o(.text)
    PVD_IRQHandler                           0x080009e3   Thumb Code     0  startup_stm32f10x_hd.o(.text)
    RCC_IRQHandler                           0x080009e3   Thumb Code     0  startup_stm32f10x_hd.o(.text)
    RTCAlarm_IRQHandler                      0x080009e3   Thumb Code     0  startup_stm32f10x_hd.o(.text)
    RTC_IRQHandler                           0x080009e3   Thumb Code     0  startup_stm32f10x_hd.o(.text)
    SDIO_IRQHandler                          0x080009e3   Thumb Code     0  startup_stm32f10x_hd.o(.text)
    SPI1_IRQHandler                          0x080009e3   Thumb Code     0  startup_stm32f10x_hd.o(.text)
    SPI2_IRQHandler                          0x080009e3   Thumb Code     0  startup_stm32f10x_hd.o(.text)
    SPI3_IRQHandler                          0x080009e3   Thumb Code     0  startup_stm32f10x_hd.o(.text)
    TAMPER_IRQHandler                        0x080009e3   Thumb Code     0  startup_stm32f10x_hd.o(.text)
    TIM1_BRK_IRQHandler                      0x080009e3   Thumb Code     0  startup_stm32f10x_hd.o(.text)
    TIM1_CC_IRQHandler                       0x080009e3   Thumb Code     0  startup_stm32f10x_hd.o(.text)
    TIM1_TRG_COM_IRQHandler                  0x080009e3   Thumb Code     0  startup_stm32f10x_hd.o(.text)
    TIM1_UP_IRQHandler                       0x080009e3   Thumb Code     0  startup_stm32f10x_hd.o(.text)
    TIM2_IRQHandler                          0x080009e3   Thumb Code     0  startup_stm32f10x_hd.o(.text)
    TIM3_IRQHandler                          0x080009e3   Thumb Code     0  startup_stm32f10x_hd.o(.text)
    TIM4_IRQHandler                          0x080009e3   Thumb Code     0  startup_stm32f10x_hd.o(.text)
    TIM5_IRQHandler                          0x080009e3   Thumb Code     0  startup_stm32f10x_hd.o(.text)
    TIM6_IRQHandler                          0x080009e3   Thumb Code     0  startup_stm32f10x_hd.o(.text)
    TIM7_IRQHandler                          0x080009e3   Thumb Code     0  startup_stm32f10x_hd.o(.text)
    TIM8_BRK_IRQHandler                      0x080009e3   Thumb Code     0  startup_stm32f10x_hd.o(.text)
    TIM8_CC_IRQHandler                       0x080009e3   Thumb Code     0  startup_stm32f10x_hd.o(.text)
    TIM8_TRG_COM_IRQHandler                  0x080009e3   Thumb Code     0  startup_stm32f10x_hd.o(.text)
    TIM8_UP_IRQHandler                       0x080009e3   Thumb Code     0  startup_stm32f10x_hd.o(.text)
    UART4_IRQHandler                         0x080009e3   Thumb Code     0  startup_stm32f10x_hd.o(.text)
    UART5_IRQHandler                         0x080009e3   Thumb Code     0  startup_stm32f10x_hd.o(.text)
    USART1_IRQHandler                        0x080009e3   Thumb Code     0  startup_stm32f10x_hd.o(.text)
    USART2_IRQHandler                        0x080009e3   Thumb Code     0  startup_stm32f10x_hd.o(.text)
    USART3_IRQHandler                        0x080009e3   Thumb Code     0  startup_stm32f10x_hd.o(.text)
    USBWakeUp_IRQHandler                     0x080009e3   Thumb Code     0  startup_stm32f10x_hd.o(.text)
    USB_HP_CAN1_TX_IRQHandler                0x080009e3   Thumb Code     0  startup_stm32f10x_hd.o(.text)
    WWDG_IRQHandler                          0x080009e3   Thumb Code     0  startup_stm32f10x_hd.o(.text)
    SEGGER_RTT_vsnprintf(char*, unsigned, const char*, std::__va_list*) 0x08000abb   Thumb Code   344  rtt_vsnprintf.o(.text)
    CConsole::initDev(CConsole::OstreamDevEnum) 0x08000cf9   Thumb Code    50  console.o(.text)
    CConsole::CConsole()                     0x08000d2b   Thumb Code    22  console.o(.text)
    CConsole::CConsole__sub_object()         0x08000d2b   Thumb Code     0  console.o(.text)
    CConsole::runTransmitter()               0x08000d41   Thumb Code   172  console.o(.text)
    CConsole::send_array(char*, unsigned short) 0x08000ded   Thumb Code    22  console.o(.text)
    CConsole::printf(const char*, ...)       0x08000e03   Thumb Code    52  console.o(.text)
    CConsole::putc(char)                     0x08000e37   Thumb Code    50  console.o(.text)
    CConsole::puts(const char*)              0x08000e69   Thumb Code    30  console.o(.text)
    CConsole::isIdel()                       0x08000e87   Thumb Code    20  console.o(.text)
    CConsole::setDev(unsigned char*, unsigned short) 0x08000e9b   Thumb Code     4  console.o(.text)
    SEGGER_RTT_ReadNoLock                    0x08000fad   Thumb Code   114  segger_rtt.o(.text)
    SEGGER_RTT_Read                          0x0800101f   Thumb Code    24  segger_rtt.o(.text)
    SEGGER_RTT_WriteWithOverwriteNoLock      0x08001037   Thumb Code   146  segger_rtt.o(.text)
    SEGGER_RTT_WriteSkipNoLock               0x080010c9   Thumb Code   136  segger_rtt.o(.text)
    SEGGER_RTT_WriteNoLock                   0x08001151   Thumb Code    86  segger_rtt.o(.text)
    SEGGER_RTT_Write                         0x080011a7   Thumb Code    48  segger_rtt.o(.text)
    SEGGER_RTT_WriteString                   0x080011d7   Thumb Code    24  segger_rtt.o(.text)
    SEGGER_RTT_GetKey                        0x080011ef   Thumb Code    28  segger_rtt.o(.text)
    SEGGER_RTT_WaitKey                       0x0800120b   Thumb Code    12  segger_rtt.o(.text)
    SEGGER_RTT_HasKey                        0x08001217   Thumb Code    28  segger_rtt.o(.text)
    SEGGER_RTT_HasData                       0x08001233   Thumb Code    18  segger_rtt.o(.text)
    SEGGER_RTT_AllocDownBuffer               0x08001245   Thumb Code   124  segger_rtt.o(.text)
    SEGGER_RTT_AllocUpBuffer                 0x080012c1   Thumb Code    96  segger_rtt.o(.text)
    SEGGER_RTT_ConfigUpBuffer                0x08001321   Thumb Code    88  segger_rtt.o(.text)
    SEGGER_RTT_ConfigDownBuffer              0x08001379   Thumb Code    88  segger_rtt.o(.text)
    SEGGER_RTT_SetNameUpBuffer               0x080013d1   Thumb Code    58  segger_rtt.o(.text)
    SEGGER_RTT_SetNameDownBuffer             0x0800140b   Thumb Code    58  segger_rtt.o(.text)
    SEGGER_RTT_SetFlagsUpBuffer              0x08001445   Thumb Code    58  segger_rtt.o(.text)
    SEGGER_RTT_SetFlagsDownBuffer            0x0800147f   Thumb Code    58  segger_rtt.o(.text)
    SEGGER_RTT_Init                          0x080014b9   Thumb Code     2  segger_rtt.o(.text)
    SEGGER_RTT_SetTerminal                   0x080014bb   Thumb Code   132  segger_rtt.o(.text)
    SEGGER_RTT_TerminalOut                   0x0800153f   Thumb Code   170  segger_rtt.o(.text)
    CBaseTimer::CBaseTimer()                 0x08001621   Thumb Code    16  timer.o(.text)
    CBaseTimer::CBaseTimer__sub_object()     0x08001621   Thumb Code     0  timer.o(.text)
    CBaseTimer::doUpdate()                   0x08001631   Thumb Code    16  timer.o(.text)
    CPUTIMER0_ISR()                          0x08001641   Thumb Code    20  timer.o(.text)
    CBaseTimer::initialize()                 0x08001655   Thumb Code    66  timer.o(.text)
    CBaseTimer::delay_ms(unsigned short)     0x08001697   Thumb Code    12  timer.o(.text)
    Timer::Timer(int, int)                   0x080016a3   Thumb Code    22  timer.o(.text)
    Timer::Timer__sub_object(int, int)       0x080016a3   Thumb Code     0  timer.o(.text)
    Timer::isAbsoluteTimeUp()                0x080016b9   Thumb Code    36  timer.o(.text)
    Timer::isTimeUp()                        0x080016dd   Thumb Code     2  timer.o(.text)
    Timer::reset()                           0x080016df   Thumb Code    18  timer.o(.text)
    __aeabi_memcpy                           0x080016fd   Thumb Code    36  memcpya.o(.text)
    __aeabi_memcpy4                          0x080016fd   Thumb Code     0  memcpya.o(.text)
    __aeabi_memcpy8                          0x080016fd   Thumb Code     0  memcpya.o(.text)
    __aeabi_memset                           0x08001721   Thumb Code    14  memseta.o(.text)
    __aeabi_memset4                          0x08001721   Thumb Code     0  memseta.o(.text)
    __aeabi_memset8                          0x08001721   Thumb Code     0  memseta.o(.text)
    __aeabi_memclr                           0x0800172f   Thumb Code     4  memseta.o(.text)
    __aeabi_memclr4                          0x0800172f   Thumb Code     0  memseta.o(.text)
    __aeabi_memclr8                          0x0800172f   Thumb Code     0  memseta.o(.text)
    _memset$wrapper                          0x08001733   Thumb Code    18  memseta.o(.text)
    strlen                                   0x08001745   Thumb Code    14  strlen.o(.text)
    strcpy                                   0x08001753   Thumb Code    18  strcpy.o(.text)
    __cpp_initialize__aeabi_                 0x08001765   Thumb Code    22  cpp_init.o(.text)
    __default_new_handler()                  0x08001785   Thumb Code     4  arm_newhandler_noexceptions.o(.text)
    __rt_new_handler_addr                    0x08001789   Thumb Code     4  cpp_memory.o(.text)
    __rt_eh_globals_addr                     0x0800178d   Thumb Code    12  cpp_memory.o(.text)
    __rt_SIGPVFN                             0x0800179d   Thumb Code     2  cpp_signal.o(.text)
    std::terminate()                         0x0800179f   Thumb Code    26  arm_exceptions_terminate.o(.text)
    __cxa_get_globals                        0x080017bf   Thumb Code    62  arm_exceptions_globs.o(.text)
    __scatterload                            0x08001809   Thumb Code    28  init.o(.text)
    __scatterload_rt2                        0x08001809   Thumb Code     0  init.o(.text)
    __ARM_exceptions_buffer_init             0x0800182d   Thumb Code    18  arm_exceptions_mem.o(.text)
    __ARM_exceptions_buffer_allocate         0x0800183f   Thumb Code    22  arm_exceptions_mem.o(.text)
    __ARM_exceptions_buffer_free             0x08001855   Thumb Code    20  arm_exceptions_mem.o(.text)
    CRttConsole::getFreeSize()               0x08001869   Thumb Code     4  console.o(i._ZN11CRttConsole11getFreeSizeEv)
    CRttConsole::open()                      0x0800186d   Thumb Code    10  console.o(i._ZN11CRttConsole4openEv)
    CRttConsole::write(unsigned char*, unsigned short) 0x08001877   Thumb Code    12  console.o(i._ZN11CRttConsole5writeEPht)
    CRttConsole::isIdel()                    0x08001883   Thumb Code     4  console.o(i._ZN11CRttConsole6isIdelEv)
    CRttConsole::~CRttConsole__deallocating() 0x08001887   Thumb Code    14  console.o(i._ZN11CRttConsoleD0Ev)
    CRttConsole::~CRttConsole()              0x08001895   Thumb Code     6  console.o(i._ZN11CRttConsoleD1Ev)
    CRttConsole::~CRttConsole__sub_object()  0x08001895   Thumb Code     0  console.o(i._ZN11CRttConsoleD1Ev)
    CConsole::COstreamDev::runTransmitter()  0x080018a1   Thumb Code     2  console.o(i._ZN8CConsole11COstreamDev14runTransmitterEv)
    CConsole::COstreamDev::~COstreamDev__deallocating() 0x080018a5   Thumb Code     8  console.o(i._ZN8CConsole11COstreamDevD0Ev)
    operator delete (void*)                  0x080018b1   Thumb Code     8  delete.o(i._ZdlPv)
    operator new(unsigned)                   0x080018b9   Thumb Code    34  new.o(i._Znwj)
    __cxa_pure_virtual                       0x080018e1   Thumb Code     6  pure_virt.o(i.__cxa_pure_virtual)
    __scatterload_copy                       0x080018e7   Thumb Code    14  handlers.o(i.__scatterload_copy)
    __scatterload_null                       0x080018f5   Thumb Code     2  handlers.o(i.__scatterload_null)
    __scatterload_zeroinit                   0x080018f7   Thumb Code    14  handlers.o(i.__scatterload_zeroinit)
    free                                     0x08001905   Thumb Code    76  malloc.o(i.free)
    malloc                                   0x08001955   Thumb Code    92  malloc.o(i.malloc)
    ringque_base<char>::push_array(char*, unsigned short) 0x080019c1   Thumb Code    92  console.o(t._ZN12ringque_baseIcE10push_arrayEPct)
    NormalSingleton<CBaseTimer>::Instance()  0x08001a1d   Thumb Code    24  timer.o(t._ZN15NormalSingletonI10CBaseTimerE8InstanceEv)
    NormalSingleton<CConsole>::Instance()    0x08001a39   Thumb Code    24  main.o(t._ZN15NormalSingletonI8CConsoleE8InstanceEv)
    ringque_base<char>::elemsInQue() const   0x08001a55   Thumb Code    16  console.o(t._ZNK12ringque_baseIcE10elemsInQueEv)
    ringque_base<char>::emptyElemsInQue() const 0x08001a65   Thumb Code    18  console.o(t._ZNK12ringque_baseIcE15emptyElemsInQueEv)
    vtable for CRttConsole                   0x08001a88   Data          40  console.o(.constdata__ZTV11CRttConsole)
    vtable for CConsole::COstreamDev         0x08001ab0   Data          40  console.o(.constdata__ZTVN8CConsole11COstreamDevE)
    Region$$Table$$Base                      0x08001ad8   Number         0  anon$$obj.o(Region$$Table)
    Region$$Table$$Limit                     0x08001af8   Number         0  anon$$obj.o(Region$$Table)
    SHT$$INIT_ARRAY$$Base                    0x08001af8   Number         0  console.o(.init_array)
    SHT$$INIT_ARRAY$$Limit                   0x08001afc   Number         0  cpp_init.o(.init_array)
    SystemCoreClock                          0x20000008   Data           4  system_stm32f10x.o(.data)
    AHBPrescTable                            0x2000000c   Data          16  system_stm32f10x.o(.data)
    __microlib_freelist                      0x20000050   Data           4  mvars.o(.data)
    __microlib_freelist_initialised          0x20000054   Data           4  mvars.o(.data)
    NormalSingleton<CBaseTimer>::ins         0x20000058   Data           4  main.o(.data__ZN15NormalSingletonI10CBaseTimerE3insE)
    NormalSingleton<CConsole>::ins           0x2000005c   Data           4  main.o(.data__ZN15NormalSingletonI8CConsoleE3insE)
    CConsole::txQueue_                       0x20000060   Data         528  console.o(.bss)
    CConsole::vsnprintfBuf_                  0x20000270   Data         128  console.o(.bss)
    _SEGGER_RTT                              0x200002f0   Data         168  segger_rtt.o(.bss)
    __heap_base                              0x200007a8   Data           0  startup_stm32f10x_hd.o(HEAP)
    __heap_limit                             0x200009a8   Data           0  startup_stm32f10x_hd.o(HEAP)
    __initial_sp                             0x20000da8   Data           0  startup_stm32f10x_hd.o(STACK)



==============================================================================

Memory Map of the image

  Image Entry point : 0x08000131

  Load Region LR_IROM1 (Base: 0x08000000, Size: 0x00001b5c, Max: 0x00010000, ABSOLUTE)

    Execution Region ER_IROM1 (Base: 0x08000000, Size: 0x00001afc, Max: 0x00010000, ABSOLUTE)

    Base Addr    Size         Type   Attr      Idx    E Section Name        Object

    0x08000000   0x00000130   Data   RO          360    RESET               startup_stm32f10x_hd.o
    0x08000130   0x00000000   Code   RO          756  * .ARM.Collect$$$$00000000  mc_w.l(entry.o)
    0x08000130   0x00000004   Code   RO          806    .ARM.Collect$$$$00000001  mc_w.l(entry2.o)
    0x08000134   0x00000004   Code   RO          809    .ARM.Collect$$$$00000004  mc_w.l(entry5.o)
    0x08000138   0x00000000   Code   RO          811    .ARM.Collect$$$$00000008  mc_w.l(entry7b.o)
    0x08000138   0x00000004   Code   RO          812    .ARM.Collect$$$$00000009  mc_w.l(entry8a.o)
    0x0800013c   0x00000000   Code   RO          813    .ARM.Collect$$$$0000000A  mc_w.l(entry8b.o)
    0x0800013c   0x00000008   Code   RO          814    .ARM.Collect$$$$0000000B  mc_w.l(entry9a.o)
    0x08000144   0x00000000   Code   RO          816    .ARM.Collect$$$$0000000D  mc_w.l(entry10a.o)
    0x08000144   0x00000000   Code   RO          818    .ARM.Collect$$$$0000000F  mc_w.l(entry11a.o)
    0x08000144   0x00000004   Code   RO          807    .ARM.Collect$$$$00002712  mc_w.l(entry2.o)
    0x08000148   0x00000028   Code   RO            1    .text               commonconfig.o
    0x08000170   0x00000016   Code   RO          105    .text               stm32f10x_it.o
    0x08000186   0x00000002   PAD
    0x08000188   0x000000bc   Code   RO          132    .text               main.o
    0x08000244   0x00000060   Code   RO          227    .text               heartled.o
    0x080002a4   0x00000154   Code   RO          244    .text               system_stm32f10x.o
    0x080003f8   0x000000b0   Code   RO          277    .text               misc.o
    0x080004a8   0x0000026c   Code   RO          290    .text               stm32f10x_gpio.o
    0x08000714   0x000002b4   Code   RO          303    .text               stm32f10x_rcc.o
    0x080009c8   0x00000024   Code   RO          361    .text               startup_stm32f10x_hd.o
    0x080009ec   0x0000030c   Code   RO          365    .text               rtt_vsnprintf.o
    0x08000cf8   0x000001cc   Code   RO          389    .text               console.o
    0x08000ec4   0x0000075c   Code   RO          528    .text               segger_rtt.o
    0x08001620   0x000000dc   Code   RO          585    .text               timer.o
    0x080016fc   0x00000024   Code   RO          759    .text               mc_w.l(memcpya.o)
    0x08001720   0x00000024   Code   RO          761    .text               mc_w.l(memseta.o)
    0x08001744   0x0000000e   Code   RO          763    .text               mc_w.l(strlen.o)
    0x08001752   0x00000012   Code   RO          765    .text               mc_w.l(strcpy.o)
    0x08001764   0x00000020   Code   RO          772    .text               mc_w.l(cpp_init.o)
    0x08001784   0x00000004   Code   RO          777    .text               cpprt_w.l(arm_newhandler_noexceptions.o)
    0x08001788   0x00000014   Code   RO          848    .text               mc_w.l(cpp_memory.o)
    0x0800179c   0x00000002   Code   RO          851    .text               mc_w.l(cpp_signal.o)
    0x0800179e   0x0000001a   Code   RO          873    .text               cpprt_w.l(arm_exceptions_terminate.o)
    0x080017b8   0x00000050   Code   RO          876    .text               cpprt_w.l(arm_exceptions_globs.o)
    0x08001808   0x00000024   Code   RO          882    .text               mc_w.l(init.o)
    0x0800182c   0x0000003c   Code   RO          889    .text               cpprt_w.l(arm_exceptions_mem.o)
    0x08001868   0x00000004   Code   RO          459    i._ZN11CRttConsole11getFreeSizeEv  console.o
    0x0800186c   0x0000000a   Code   RO          453    i._ZN11CRttConsole4openEv  console.o
    0x08001876   0x0000000c   Code   RO          447    i._ZN11CRttConsole5writeEPht  console.o
    0x08001882   0x00000004   Code   RO          465    i._ZN11CRttConsole6isIdelEv  console.o
    0x08001886   0x0000000e   Code   RO          444    i._ZN11CRttConsoleD0Ev  console.o
    0x08001894   0x0000000c   Code   RO          438    i._ZN11CRttConsoleD1Ev  console.o
    0x080018a0   0x00000002   Code   RO          432    i._ZN8CConsole11COstreamDev14runTransmitterEv  console.o
    0x080018a2   0x00000002   PAD
    0x080018a4   0x0000000c   Code   RO          479    i._ZN8CConsole11COstreamDevD0Ev  console.o
    0x080018b0   0x00000008   Code   RO          640    i._ZdlPv            cpprt_w.l(delete.o)
    0x080018b8   0x00000028   Code   RO          643    i._Znwj             cpprt_w.l(new.o)
    0x080018e0   0x00000006   Code   RO          647    i.__cxa_pure_virtual  cpprt_w.l(pure_virt.o)
    0x080018e6   0x0000000e   Code   RO          905    i.__scatterload_copy  mc_w.l(handlers.o)
    0x080018f4   0x00000002   Code   RO          906    i.__scatterload_null  mc_w.l(handlers.o)
    0x080018f6   0x0000000e   Code   RO          907    i.__scatterload_zeroinit  mc_w.l(handlers.o)
    0x08001904   0x00000050   Code   RO          820    i.free              mc_w.l(malloc.o)
    0x08001954   0x0000006c   Code   RO          821    i.malloc            mc_w.l(malloc.o)
    0x080019c0   0x0000005c   Code   RO          402    t._ZN12ringque_baseIcE10push_arrayEPct  console.o
    0x08001a1c   0x0000001c   Code   RO          598    t._ZN15NormalSingletonI10CBaseTimerE8InstanceEv  timer.o
    0x08001a38   0x0000001c   Code   RO          146    t._ZN15NormalSingletonI8CConsoleE8InstanceEv  main.o
    0x08001a54   0x00000010   Code   RO          408    t._ZNK12ringque_baseIcE10elemsInQueEv  console.o
    0x08001a64   0x00000012   Code   RO          414    t._ZNK12ringque_baseIcE15emptyElemsInQueEv  console.o
    0x08001a76   0x00000010   Data   RO          367    .constdata          rtt_vsnprintf.o
    0x08001a86   0x00000002   PAD
    0x08001a88   0x00000028   Data   RO          421    .constdata__ZTV11CRttConsole  console.o
    0x08001ab0   0x00000028   Data   RO          472    .constdata__ZTVN8CConsole11COstreamDevE  console.o
    0x08001ad8   0x00000020   Data   RO          903    Region$$Table       anon$$obj.o
    0x08001af8   0x00000004   Data   RO          393    .init_array         console.o
    0x08001afc   0x00000000   Data   RO          770    .init_array         mc_w.l(cpp_init.o)


    Execution Region RW_IRAM1 (Base: 0x20000000, Size: 0x00000da8, Max: 0x00005000, ABSOLUTE)

    Base Addr    Size         Type   Attr      Idx    E Section Name        Object

    0x20000000   0x00000008   Data   RW          229    .data               heartled.o
    0x20000008   0x00000014   Data   RW          246    .data               system_stm32f10x.o
    0x2000001c   0x00000014   Data   RW          305    .data               stm32f10x_rcc.o
    0x20000030   0x00000011   Data   RW          531    .data               segger_rtt.o
    0x20000041   0x00000003   PAD
    0x20000044   0x0000000c   Data   RW          849    .data               mc_w.l(cpp_memory.o)
    0x20000050   0x00000004   Data   RW          884    .data               mc_w.l(mvars.o)
    0x20000054   0x00000004   Data   RW          885    .data               mc_w.l(mvars.o)
    0x20000058   0x00000004   Data   RW          152    .data__ZN15NormalSingletonI10CBaseTimerE3insE  main.o
    0x2000005c   0x00000004   Data   RW          153    .data__ZN15NormalSingletonI8CConsoleE3insE  main.o
    0x20000060   0x00000290   Zero   RW          392    .bss                console.o
    0x200002f0   0x000004b8   Zero   RW          530    .bss                segger_rtt.o
    0x200007a8   0x00000200   Zero   RW          359    HEAP                startup_stm32f10x_hd.o
    0x200009a8   0x00000400   Zero   RW          358    STACK               startup_stm32f10x_hd.o


==============================================================================

Image component sizes


      Code (inc. data)   RO Data    RW Data    ZI Data      Debug   Object Name

        40          4          0          0          0     240450   commonconfig.o
       656         22         84          0        656      13812   console.o
         0          0          0          0          0         32   core_cm3.o
        96         10          0          8          0        660   heartled.o
       216         78          0          8          0       6957   main.o
       176         14          0          0          0       1821   misc.o
         0          0          0          0          0       1487   powerupoption.o
       780          6         16          0          0       6228   rtt_vsnprintf.o
      1884         36          0         17       1208      15362   segger_rtt.o
        36          8        304          0       1536        800   startup_stm32f10x_hd.o
       620         36          0          0          0       5809   stm32f10x_gpio.o
        22          0          0          0          0       1341   stm32f10x_it.o
       692         32          0         20          0       8948   stm32f10x_rcc.o
         0          0          0          0          0        220   stmflash.o
       340         32          0         20          0       1987   system_stm32f10x.o
       248         16          0          0          0      20416   timer.o

    ----------------------------------------------------------------------
      5810        294        438         76       3400     326330   Object Totals
         0          0         32          0          0          0   (incl. Generated)
         4          0          2          3          0          0   (incl. Padding)

    ----------------------------------------------------------------------

      Code (inc. data)   RO Data    RW Data    ZI Data      Debug   Library Member Name

        80         12          0          0          0        104   arm_exceptions_globs.o
        60          0          0          0          0        108   arm_exceptions_mem.o
        26          0          0          0          0         76   arm_exceptions_terminate.o
         4          0          0          0          0         68   arm_newhandler_noexceptions.o
         8          0          0          0          0         76   delete.o
        40          6          0          0          0         76   new.o
         6          0          0          0          0         68   pure_virt.o
        32         10          0          0          0         80   cpp_init.o
        20          4          0         12          0        136   cpp_memory.o
         2          0          0          0          0         68   cpp_signal.o
         0          0          0          0          0          0   entry.o
         0          0          0          0          0          0   entry10a.o
         0          0          0          0          0          0   entry11a.o
         8          4          0          0          0          0   entry2.o
         4          0          0          0          0          0   entry5.o
         0          0          0          0          0          0   entry7b.o
         4          0          0          0          0          0   entry8a.o
         0          0          0          0          0          0   entry8b.o
         8          4          0          0          0          0   entry9a.o
        30          0          0          0          0          0   handlers.o
        36          8          0          0          0         68   init.o
       188         20          0          0          0        160   malloc.o
        36          0          0          0          0         68   memcpya.o
        36          0          0          0          0        108   memseta.o
         0          0          0          8          0          0   mvars.o
        18          0          0          0          0         68   strcpy.o
        14          0          0          0          0         68   strlen.o

    ----------------------------------------------------------------------
       660         68          0         20          0       1400   Library Totals
         0          0          0          0          0          0   (incl. Padding)

    ----------------------------------------------------------------------

      Code (inc. data)   RO Data    RW Data    ZI Data      Debug   Library Name

       224         18          0          0          0        576   cpprt_w.l
       436         50          0         20          0        824   mc_w.l

    ----------------------------------------------------------------------
       660         68          0         20          0       1400   Library Totals

    ----------------------------------------------------------------------

==============================================================================


      Code (inc. data)   RO Data    RW Data    ZI Data      Debug   

      6470        362        438         96       3400     325282   Grand Totals
      6470        362        438         96       3400     325282   ELF Image Totals
      6470        362        438         96          0          0   ROM Totals

==============================================================================

    Total RO  Size (Code + RO Data)                 6908 (   6.75kB)
    Total RW  Size (RW Data + ZI Data)              3496 (   3.41kB)
    Total ROM Size (Code + RO Data + RW Data)       7004 (   6.84kB)

==============================================================================

