<html>
<body>
<pre>
<h1>µVision Build Log</h1>
<h2>Tool Versions:</h2>
IDE-Version: µVision V5.21.1.0
Copyright (C) 2016 ARM Ltd and ARM Germany GmbH. All rights reserved.
License Information: Xiaoxing Chen, seer, LIC=65IDY-IHID7-XU841-C5IWK-BSK4X-Q5YUU
 
Tool Versions:
Toolchain:       MDK-ARM Plus  Version: 5.21a
Toolchain Path:  D:\keil\ARM\ARMCC\Bin
C Compiler:      Armcc.exe V5.06 update 3 (build 300)
Assembler:       Armasm.exe V5.06 update 3 (build 300)
Linker/Locator:  ArmLink.exe V5.06 update 3 (build 300)
Library Manager: ArmAr.exe V5.06 update 3 (build 300)
Hex Converter:   FromElf.exe V5.06 update 3 (build 300)
CPU DLL:         SARMCM3.DLL V5.21a
Dialog DLL:      DCM.DLL V1.13.8.0
Target DLL:      Segger\JL2CM3.dll V2.99.23.0
Dialog DLL:      TCM.DLL V1.14.14.0
 
<h2>Project:</h2>
D:\stmproj\F1canBootLoader\modbusTemplate\rename.uvprojx
Project File Date:  11/14/2017

<h2>Output:</h2>
*** Using Compiler 'V5.06 update 3 (build 300)', folder: 'D:\keil\ARM\ARMCC\Bin'
Build target 'Target 1'
compiling HeartLed.c...
USER\HeartLed.c(6): warning:  #177-D: variable "RCC_AHB1Periphx" was declared but never referenced
  	uint32_t RCC_AHB1Periphx;
USER\HeartLed.c: 1 warning, 0 errors
linking...
Program Size: Code=6470 RO-data=438 RW-data=96 ZI-data=3400  
FromELF: creating hex file...
After Build - User command #1: fromelf.exe --bin -o "D:\stmproj\F1canBootLoader\modbusTemplate\out\test1.bin" "D:\stmproj\F1canBootLoader\modbusTemplate\out\test1.axf"
".\out\test1.axf" - 0 Error(s), 1 Warning(s).

<h2>Collection of Component include folders:</h2>
  D:\stmproj\F1canBootLoader\modbusTemplate\RTE
  C:\engineering\keil\ARM\PACK\Keil\STM32F1xx_DFP\1.0.5\Device\Include

<h2>Collection of Component Files used:</h2>
Build Time Elapsed:  00:00:01
</pre>
</body>
</html>
